2025-03-17 21:41:46,983 [1] INFO MainClass - Starting application
2025-03-17 21:41:47,019 [1] INFO EmployeeDBRepository - Saving Employee MPP_CSharpProject.domain.Employee
2025-03-17 21:41:47,338 [1] WARN EmployeeDBRepository - Entity was not saved
2025-03-17 21:41:47,339 [1] INFO EmployeeDBRepository - Entity was saved
2025-03-17 21:41:47,343 [1] INFO EmployeeDBRepository - Getting Employee with ID 3
2025-03-17 21:41:47,348 [1] INFO EmployeeDBRepository - Getting Employee with ID 3
2025-03-17 21:41:47,349 [1] INFO EmployeeDBRepository - Getting Employee with user vlad4 and password parola
2025-03-17 21:41:47,351 [1] INFO EmployeeDBRepository - Entity was found
2025-03-17 21:57:15,841 [1] INFO MainClass - Starting application
2025-03-17 21:57:15,875 [1] INFO EmployeeDBRepository - Saving Employee Employee: user: antonia8,password: parola,Antonia Moga
2025-03-17 21:57:16,216 [1] INFO EmployeeDBRepository - Entity was saved
2025-03-17 21:57:16,220 [1] INFO EmployeeDBRepository - Saving Employee Employee: user: dana7,password: parola,Dana Rusu
2025-03-17 21:57:16,223 [1] INFO EmployeeDBRepository - Entity was saved
2025-03-17 21:57:16,224 [1] INFO EmployeeDBRepository - Getting all employees
2025-03-17 21:57:16,229 [1] INFO EmployeeDBRepository - Getting Employee with user antonia8 and password parola
2025-03-17 21:57:16,230 [1] INFO EmployeeDBRepository - Entity was found
2025-03-17 21:57:16,231 [1] INFO EmployeeDBRepository - Getting Employee with ID 3
2025-03-17 21:57:16,233 [1] INFO EmployeeDBRepository - Getting Employee with ID 3
2025-03-17 21:59:05,484 [1] INFO MainClass - Starting application
2025-03-17 21:59:05,513 [1] INFO EmployeeDBRepository - Getting all employees
2025-03-17 21:59:05,803 [1] INFO EmployeeDBRepository - Getting Employee with user antonia8 and password parola
2025-03-17 21:59:05,812 [1] INFO EmployeeDBRepository - Entity was found
2025-03-17 21:59:05,813 [1] INFO EmployeeDBRepository - Getting Employee with ID 3
2025-03-17 21:59:05,816 [1] INFO EmployeeDBRepository - Getting Employee with ID 3
2025-03-17 21:59:05,817 [1] INFO EmployeeDBRepository - Updating Employee Employee: user: vladE,password: parola,Vlad Enea
2025-03-17 21:59:05,821 [1] WARN EmployeeDBRepository - Employee with ID 0 not found
2025-03-17 21:59:05,821 [1] INFO EmployeeDBRepository - Getting all employees
2025-03-17 21:59:27,433 [1] INFO MainClass - Starting application
2025-03-17 21:59:27,460 [1] INFO EmployeeDBRepository - Getting all employees
2025-03-17 21:59:27,737 [1] INFO EmployeeDBRepository - Getting Employee with user antonia8 and password parola
2025-03-17 21:59:27,746 [1] INFO EmployeeDBRepository - Entity was found
2025-03-17 21:59:27,747 [1] INFO EmployeeDBRepository - Getting Employee with ID 3
2025-03-17 21:59:27,749 [1] INFO EmployeeDBRepository - Getting Employee with ID 3
2025-03-17 21:59:27,750 [1] INFO EmployeeDBRepository - Updating Employee Employee: user: vladE,password: parola,Vlad Enea
2025-03-17 21:59:27,754 [1] INFO EmployeeDBRepository - Employee was updated
2025-03-17 21:59:27,754 [1] INFO EmployeeDBRepository - Getting all employees
2025-03-17 22:00:20,783 [1] INFO MainClass - Starting application
2025-03-17 22:00:20,821 [1] INFO EmployeeDBRepository - Getting all employees
2025-03-17 22:00:21,122 [1] INFO EmployeeDBRepository - Getting Employee with user antonia8 and password parola
2025-03-17 22:00:21,136 [1] INFO EmployeeDBRepository - Entity was found
2025-03-17 22:00:21,138 [1] INFO EmployeeDBRepository - Getting Employee with ID 3
2025-03-17 22:00:21,142 [1] INFO EmployeeDBRepository - Getting Employee with ID 3
2025-03-17 22:00:21,143 [1] INFO EmployeeDBRepository - Updating Employee Employee: user: vladE,password: parola,Vlad Enea
2025-03-17 22:00:21,147 [1] INFO EmployeeDBRepository - Employee was updated
2025-03-17 22:00:21,147 [1] INFO EmployeeDBRepository - Getting all employees
2025-03-17 22:00:21,152 [1] INFO FlightDBRepository - Getting all flights
2025-03-17 22:01:54,343 [1] INFO MainClass - Starting application
2025-03-17 22:01:54,372 [1] INFO EmployeeDBRepository - Getting all employees
2025-03-17 22:01:54,670 [1] INFO EmployeeDBRepository - Getting Employee with user antonia8 and password parola
2025-03-17 22:01:54,681 [1] INFO EmployeeDBRepository - Entity was found
2025-03-17 22:01:54,682 [1] INFO EmployeeDBRepository - Getting Employee with ID 3
2025-03-17 22:01:54,684 [1] INFO EmployeeDBRepository - Getting Employee with ID 3
2025-03-17 22:01:54,685 [1] INFO EmployeeDBRepository - Updating Employee Employee: user: vladE,password: parola,Vlad Enea
2025-03-17 22:01:54,689 [1] INFO EmployeeDBRepository - Employee was updated
2025-03-17 22:01:54,690 [1] INFO EmployeeDBRepository - Getting all employees
2025-03-17 22:01:54,693 [1] INFO FlightDBRepository - Getting all flights
2025-03-17 22:02:41,784 [1] INFO MainClass - Starting application
2025-03-17 22:02:41,810 [1] INFO EmployeeDBRepository - Getting all employees
2025-03-17 22:02:42,148 [1] INFO EmployeeDBRepository - Getting Employee with user antonia8 and password parola
2025-03-17 22:02:42,157 [1] INFO EmployeeDBRepository - Entity was found
2025-03-17 22:02:42,158 [1] INFO EmployeeDBRepository - Getting Employee with ID 3
2025-03-17 22:02:42,160 [1] INFO EmployeeDBRepository - Getting Employee with ID 3
2025-03-17 22:02:42,161 [1] INFO EmployeeDBRepository - Updating Employee Employee: user: vladE,password: parola,Vlad Enea
2025-03-17 22:02:42,163 [1] INFO EmployeeDBRepository - Employee was updated
2025-03-17 22:02:42,163 [1] INFO EmployeeDBRepository - Getting all employees
2025-03-17 22:02:42,166 [1] INFO FlightDBRepository - Getting all flights
2025-03-17 22:02:42,173 [1] INFO FlightDBRepository - All flights have been retrieved
2025-03-17 22:05:28,558 [1] INFO MainClass - Starting application
2025-03-17 22:05:28,597 [1] INFO EmployeeDBRepository - Getting all employees
2025-03-17 22:05:28,942 [1] INFO EmployeeDBRepository - Getting Employee with user antonia8 and password parola
2025-03-17 22:05:28,960 [1] INFO EmployeeDBRepository - Entity was found
2025-03-17 22:05:28,962 [1] INFO EmployeeDBRepository - Getting Employee with ID 3
2025-03-17 22:05:28,966 [1] INFO EmployeeDBRepository - Getting Employee with ID 3
2025-03-17 22:05:28,967 [1] INFO EmployeeDBRepository - Updating Employee Employee: user: vladE,password: parola,Vlad Enea
2025-03-17 22:05:28,970 [1] INFO EmployeeDBRepository - Employee was updated
2025-03-17 22:05:28,971 [1] INFO EmployeeDBRepository - Getting all employees
2025-03-17 22:05:28,984 [1] INFO FlightDBRepository - Saving flight Flight:Suceava Bucuresti 123 SCV 17/03/2025 10:05:28 pm
2025-03-17 22:05:28,988 [1] INFO FlightDBRepository - Flight Flight:Suceava Bucuresti 123 SCV 17/03/2025 10:05:28 pm has been saved
2025-03-17 22:05:28,989 [1] INFO FlightDBRepository - Getting all flights
2025-03-17 22:05:28,993 [1] INFO FlightDBRepository - All flights have been retrieved
2025-03-17 22:06:18,584 [1] INFO MainClass - Starting application
2025-03-17 22:06:18,611 [1] INFO EmployeeDBRepository - Getting all employees
2025-03-17 22:06:18,927 [1] INFO EmployeeDBRepository - Getting Employee with user antonia8 and password parola
2025-03-17 22:06:18,937 [1] INFO EmployeeDBRepository - Entity was found
2025-03-17 22:06:18,937 [1] INFO EmployeeDBRepository - Getting Employee with ID 3
2025-03-17 22:06:18,940 [1] INFO EmployeeDBRepository - Getting Employee with ID 3
2025-03-17 22:06:18,941 [1] INFO EmployeeDBRepository - Updating Employee Employee: user: vladE,password: parola,Vlad Enea
2025-03-17 22:06:18,943 [1] INFO EmployeeDBRepository - Employee was updated
2025-03-17 22:06:18,943 [1] INFO EmployeeDBRepository - Getting all employees
2025-03-17 22:06:18,951 [1] INFO FlightDBRepository - Saving flight Flight:Suceava Bucuresti 123 SCV 17/03/2025 10:06:18 pm
2025-03-17 22:06:18,956 [1] INFO FlightDBRepository - Flight Flight:Suceava Bucuresti 123 SCV 17/03/2025 10:06:18 pm has been saved
2025-03-17 22:06:18,956 [1] INFO FlightDBRepository - Getting all flights
2025-03-17 22:06:18,960 [1] INFO FlightDBRepository - All flights have been retrieved
2025-03-17 22:06:18,962 [1] INFO FlightDBRepository - Searching for flight with id 7
2025-03-17 22:07:07,203 [1] INFO MainClass - Starting application
2025-03-17 22:07:07,234 [1] INFO EmployeeDBRepository - Getting all employees
2025-03-17 22:07:07,517 [1] INFO EmployeeDBRepository - Getting Employee with user antonia8 and password parola
2025-03-17 22:07:07,526 [1] INFO EmployeeDBRepository - Entity was found
2025-03-17 22:07:07,527 [1] INFO EmployeeDBRepository - Getting Employee with ID 3
2025-03-17 22:07:07,529 [1] INFO EmployeeDBRepository - Getting Employee with ID 3
2025-03-17 22:07:07,530 [1] INFO EmployeeDBRepository - Updating Employee Employee: user: vladE,password: parola,Vlad Enea
2025-03-17 22:07:07,532 [1] INFO EmployeeDBRepository - Employee was updated
2025-03-17 22:07:07,533 [1] INFO EmployeeDBRepository - Getting all employees
2025-03-17 22:07:07,541 [1] INFO FlightDBRepository - Saving flight Flight:Suceava Bucuresti 123 SCV 17/03/2025 10:07:07 pm
2025-03-17 22:07:07,547 [1] INFO FlightDBRepository - Flight Flight:Suceava Bucuresti 123 SCV 17/03/2025 10:07:07 pm has been saved
2025-03-17 22:07:07,548 [1] INFO FlightDBRepository - Getting all flights
2025-03-17 22:07:07,552 [1] INFO FlightDBRepository - All flights have been retrieved
2025-03-17 22:07:07,554 [1] INFO FlightDBRepository - Searching for flight with id 7
2025-03-17 22:07:56,442 [1] INFO MainClass - Starting application
2025-03-17 22:07:56,471 [1] INFO EmployeeDBRepository - Getting all employees
2025-03-17 22:07:56,821 [1] INFO EmployeeDBRepository - Getting Employee with user antonia8 and password parola
2025-03-17 22:07:56,832 [1] INFO EmployeeDBRepository - Entity was found
2025-03-17 22:07:56,833 [1] INFO EmployeeDBRepository - Getting Employee with ID 3
2025-03-17 22:07:56,836 [1] INFO EmployeeDBRepository - Getting Employee with ID 3
2025-03-17 22:07:56,837 [1] INFO EmployeeDBRepository - Updating Employee Employee: user: vladE,password: parola,Vlad Enea
2025-03-17 22:07:56,839 [1] INFO EmployeeDBRepository - Employee was updated
2025-03-17 22:07:56,839 [1] INFO EmployeeDBRepository - Getting all employees
2025-03-17 22:07:56,849 [1] INFO FlightDBRepository - Saving flight Flight:Suceava Bucuresti 123 SCV 17/03/2025 10:07:56 pm
2025-03-17 22:07:56,853 [1] INFO FlightDBRepository - Flight Flight:Suceava Bucuresti 123 SCV 17/03/2025 10:07:56 pm has been saved
2025-03-17 22:07:56,854 [1] INFO FlightDBRepository - Getting all flights
2025-03-17 22:07:56,860 [1] INFO FlightDBRepository - All flights have been retrieved
2025-03-17 22:07:56,862 [1] INFO FlightDBRepository - Searching for flight with id 7
2025-03-17 22:07:56,864 [1] INFO FlightDBRepository - Found flight
2025-03-17 22:08:24,737 [1] INFO MainClass - Starting application
2025-03-17 22:08:24,765 [1] INFO EmployeeDBRepository - Getting all employees
2025-03-17 22:08:25,089 [1] INFO EmployeeDBRepository - Getting Employee with user antonia8 and password parola
2025-03-17 22:08:25,106 [1] INFO EmployeeDBRepository - Entity was found
2025-03-17 22:08:25,107 [1] INFO EmployeeDBRepository - Getting Employee with ID 3
2025-03-17 22:08:25,110 [1] INFO EmployeeDBRepository - Getting Employee with ID 3
2025-03-17 22:08:25,112 [1] INFO EmployeeDBRepository - Updating Employee Employee: user: vladE,password: parola,Vlad Enea
2025-03-17 22:08:25,115 [1] INFO EmployeeDBRepository - Employee was updated
2025-03-17 22:08:25,116 [1] INFO EmployeeDBRepository - Getting all employees
2025-03-17 22:08:25,128 [1] INFO FlightDBRepository - Saving flight Flight:Suceava Bucuresti 123 SCV 17/03/2025 10:08:25 pm
2025-03-17 22:08:25,135 [1] INFO FlightDBRepository - Flight Flight:Suceava Bucuresti 123 SCV 17/03/2025 10:08:25 pm has been saved
2025-03-17 22:08:25,136 [1] INFO FlightDBRepository - Getting all flights
2025-03-17 22:08:25,143 [1] INFO FlightDBRepository - All flights have been retrieved
2025-03-17 22:08:25,146 [1] INFO FlightDBRepository - Searching for flight with id 7
2025-03-17 22:08:25,148 [1] INFO FlightDBRepository - Found flight
2025-03-17 22:08:25,149 [1] INFO FlightDBRepository - Finding all flights with available seats
2025-03-17 22:08:25,153 [1] INFO FlightDBRepository - All flights have been retrieved
2025-03-17 22:11:31,746 [1] INFO MainClass - Starting application
2025-03-17 22:11:31,789 [1] INFO EmployeeDBRepository - Getting all employees
2025-03-17 22:11:32,111 [1] INFO EmployeeDBRepository - Getting Employee with user antonia8 and password parola
2025-03-17 22:11:32,121 [1] INFO EmployeeDBRepository - Entity was found
2025-03-17 22:11:32,121 [1] INFO EmployeeDBRepository - Getting Employee with ID 3
2025-03-17 22:11:32,124 [1] INFO EmployeeDBRepository - Getting Employee with ID 3
2025-03-17 22:11:32,125 [1] INFO EmployeeDBRepository - Updating Employee Employee: user: vladE,password: parola,Vlad Enea
2025-03-17 22:11:32,127 [1] INFO EmployeeDBRepository - Employee was updated
2025-03-17 22:11:32,127 [1] INFO EmployeeDBRepository - Getting all employees
2025-03-17 22:11:32,136 [1] INFO FlightDBRepository - Saving flight Flight:Suceava Bucuresti 123 SCV 17/03/2025 10:11:32 pm
2025-03-17 22:11:32,140 [1] INFO FlightDBRepository - Flight Flight:Suceava Bucuresti 123 SCV 17/03/2025 10:11:32 pm has been saved
2025-03-17 22:11:32,140 [1] INFO FlightDBRepository - Getting all flights
2025-03-17 22:11:32,144 [1] INFO FlightDBRepository - All flights have been retrieved
2025-03-17 22:11:32,145 [1] INFO FlightDBRepository - Searching for flight with id 7
2025-03-17 22:11:32,146 [1] INFO FlightDBRepository - Found flight
2025-03-17 22:11:32,147 [1] INFO FlightDBRepository - Finding all flights with available seats
2025-03-17 22:11:32,148 [1] INFO FlightDBRepository - All flights have been retrieved
2025-03-17 22:11:32,149 [1] INFO FlightDBRepository - Finding all flights with destination,departure and date
2025-03-17 22:12:12,947 [1] INFO MainClass - Starting application
2025-03-17 22:12:12,976 [1] INFO EmployeeDBRepository - Getting all employees
2025-03-17 22:12:13,314 [1] INFO EmployeeDBRepository - Getting Employee with user antonia8 and password parola
2025-03-17 22:12:13,324 [1] INFO EmployeeDBRepository - Entity was found
2025-03-17 22:12:13,325 [1] INFO EmployeeDBRepository - Getting Employee with ID 3
2025-03-17 22:12:13,328 [1] INFO EmployeeDBRepository - Getting Employee with ID 3
2025-03-17 22:12:13,329 [1] INFO EmployeeDBRepository - Updating Employee Employee: user: vladE,password: parola,Vlad Enea
2025-03-17 22:12:13,332 [1] INFO EmployeeDBRepository - Employee was updated
2025-03-17 22:12:13,332 [1] INFO EmployeeDBRepository - Getting all employees
2025-03-17 22:12:13,343 [1] INFO FlightDBRepository - Saving flight Flight:Suceava Bucuresti 123 SCV 17/03/2025 10:12:13 pm
2025-03-17 22:12:13,346 [1] INFO FlightDBRepository - Flight Flight:Suceava Bucuresti 123 SCV 17/03/2025 10:12:13 pm has been saved
2025-03-17 22:12:13,347 [1] INFO FlightDBRepository - Getting all flights
2025-03-17 22:12:13,351 [1] INFO FlightDBRepository - All flights have been retrieved
2025-03-17 22:12:13,355 [1] INFO FlightDBRepository - Searching for flight with id 7
2025-03-17 22:12:13,357 [1] INFO FlightDBRepository - Found flight
2025-03-17 22:12:13,358 [1] INFO FlightDBRepository - Finding all flights with available seats
2025-03-17 22:12:13,359 [1] INFO FlightDBRepository - All flights have been retrieved
2025-03-17 22:12:13,362 [1] INFO FlightDBRepository - Finding all flights with destination,departure and date
2025-03-17 22:12:13,366 [1] INFO FlightDBRepository - All flights have been retrieved
2025-03-17 22:14:40,597 [1] INFO MainClass - Starting application
2025-03-17 22:14:40,630 [1] INFO EmployeeDBRepository - Getting all employees
2025-03-17 22:14:41,001 [1] INFO EmployeeDBRepository - Getting Employee with user antonia8 and password parola
2025-03-17 22:14:41,018 [1] INFO EmployeeDBRepository - Entity was found
2025-03-17 22:14:41,020 [1] INFO EmployeeDBRepository - Getting Employee with ID 3
2025-03-17 22:14:41,024 [1] INFO EmployeeDBRepository - Getting Employee with ID 3
2025-03-17 22:14:41,026 [1] INFO EmployeeDBRepository - Updating Employee Employee: user: vladE,password: parola,Vlad Enea
2025-03-17 22:14:41,028 [1] INFO EmployeeDBRepository - Employee was updated
2025-03-17 22:14:41,029 [1] INFO EmployeeDBRepository - Getting all employees
2025-03-17 22:14:41,041 [1] INFO FlightDBRepository - Saving flight Flight:Suceava Bucuresti 123 SCV 17/03/2025 10:14:41 pm
2025-03-17 22:14:41,045 [1] INFO FlightDBRepository - Flight Flight:Suceava Bucuresti 123 SCV 17/03/2025 10:14:41 pm has been saved
2025-03-17 22:14:41,046 [1] INFO FlightDBRepository - Getting all flights
2025-03-17 22:14:41,050 [1] INFO FlightDBRepository - All flights have been retrieved
2025-03-17 22:14:41,053 [1] INFO FlightDBRepository - Searching for flight with id 7
2025-03-17 22:14:41,056 [1] INFO FlightDBRepository - Found flight
2025-03-17 22:14:41,058 [1] INFO FlightDBRepository - Finding all flights with available seats
2025-03-17 22:14:41,060 [1] INFO FlightDBRepository - All flights have been retrieved
2025-03-17 22:14:41,062 [1] INFO FlightDBRepository - Finding all flights with destination,departure and date
2025-03-17 22:14:41,064 [1] INFO FlightDBRepository - All flights have been retrieved
2025-03-17 22:15:41,897 [1] INFO MainClass - Starting application
2025-03-17 22:15:41,925 [1] INFO EmployeeDBRepository - Getting all employees
2025-03-17 22:15:42,209 [1] INFO EmployeeDBRepository - Getting Employee with user antonia8 and password parola
2025-03-17 22:15:42,220 [1] INFO EmployeeDBRepository - Entity was found
2025-03-17 22:15:42,222 [1] INFO EmployeeDBRepository - Getting Employee with ID 3
2025-03-17 22:15:42,224 [1] INFO EmployeeDBRepository - Getting Employee with ID 3
2025-03-17 22:15:42,225 [1] INFO EmployeeDBRepository - Updating Employee Employee: user: vladE,password: parola,Vlad Enea
2025-03-17 22:15:42,227 [1] INFO EmployeeDBRepository - Employee was updated
2025-03-17 22:15:42,228 [1] INFO EmployeeDBRepository - Getting all employees
2025-03-17 22:15:42,241 [1] INFO FlightDBRepository - Saving flight Flight:Suceava Bucuresti 123 SCV 17/03/2025 10:15:42 pm
2025-03-17 22:15:42,244 [1] INFO FlightDBRepository - Flight Flight:Suceava Bucuresti 123 SCV 17/03/2025 10:15:42 pm has been saved
2025-03-17 22:15:42,245 [1] INFO FlightDBRepository - Getting all flights
2025-03-17 22:15:42,250 [1] INFO FlightDBRepository - All flights have been retrieved
2025-03-17 22:15:42,252 [1] INFO FlightDBRepository - Searching for flight with id 7
2025-03-17 22:15:42,253 [1] INFO FlightDBRepository - Found flight
2025-03-17 22:15:42,253 [1] INFO FlightDBRepository - Finding all flights with available seats
2025-03-17 22:15:42,254 [1] INFO FlightDBRepository - All flights have been retrieved
2025-03-17 22:15:42,256 [1] INFO FlightDBRepository - Finding all flights with destination, departure, and date
2025-03-17 22:15:42,262 [1] INFO FlightDBRepository - All flights have been retrieved
2025-03-17 22:16:25,792 [1] INFO MainClass - Starting application
2025-03-17 22:16:25,827 [1] INFO EmployeeDBRepository - Getting all employees
2025-03-17 22:16:26,113 [1] INFO EmployeeDBRepository - Getting Employee with user antonia8 and password parola
2025-03-17 22:16:26,123 [1] INFO EmployeeDBRepository - Entity was found
2025-03-17 22:16:26,124 [1] INFO EmployeeDBRepository - Getting Employee with ID 3
2025-03-17 22:16:26,127 [1] INFO EmployeeDBRepository - Getting Employee with ID 3
2025-03-17 22:16:26,129 [1] INFO EmployeeDBRepository - Updating Employee Employee: user: vladE,password: parola,Vlad Enea
2025-03-17 22:16:26,131 [1] INFO EmployeeDBRepository - Employee was updated
2025-03-17 22:16:26,131 [1] INFO EmployeeDBRepository - Getting all employees
2025-03-17 22:16:26,143 [1] INFO FlightDBRepository - Saving flight Flight:Suceava Bucuresti 123 SCV 17/03/2025 10:16:26 pm
2025-03-17 22:16:26,145 [1] INFO FlightDBRepository - Flight Flight:Suceava Bucuresti 123 SCV 17/03/2025 10:16:26 pm has been saved
2025-03-17 22:16:26,146 [1] INFO FlightDBRepository - Getting all flights
2025-03-17 22:16:26,153 [1] INFO FlightDBRepository - All flights have been retrieved
2025-03-17 22:16:26,157 [1] INFO FlightDBRepository - Searching for flight with id 7
2025-03-17 22:16:26,160 [1] INFO FlightDBRepository - Found flight
2025-03-17 22:16:26,161 [1] INFO FlightDBRepository - Finding all flights with available seats
2025-03-17 22:16:26,165 [1] INFO FlightDBRepository - All flights have been retrieved
2025-03-17 22:16:26,169 [1] INFO FlightDBRepository - Finding all flights with destination, departure, and date
2025-03-17 22:16:26,180 [1] INFO FlightDBRepository - All flights have been retrieved
2025-03-17 22:16:43,549 [1] INFO MainClass - Starting application
2025-03-17 22:16:43,581 [1] INFO EmployeeDBRepository - Getting all employees
2025-03-17 22:16:43,897 [1] INFO EmployeeDBRepository - Getting Employee with user antonia8 and password parola
2025-03-17 22:16:43,908 [1] INFO EmployeeDBRepository - Entity was found
2025-03-17 22:16:43,909 [1] INFO EmployeeDBRepository - Getting Employee with ID 3
2025-03-17 22:16:43,912 [1] INFO EmployeeDBRepository - Getting Employee with ID 3
2025-03-17 22:16:43,914 [1] INFO EmployeeDBRepository - Updating Employee Employee: user: vladE,password: parola,Vlad Enea
2025-03-17 22:16:43,916 [1] INFO EmployeeDBRepository - Employee was updated
2025-03-17 22:16:43,917 [1] INFO EmployeeDBRepository - Getting all employees
2025-03-17 22:16:43,928 [1] INFO FlightDBRepository - Saving flight Flight:Suceava Bucuresti 123 SCV 17/03/2025 10:16:43 pm
2025-03-17 22:16:43,931 [1] INFO FlightDBRepository - Flight Flight:Suceava Bucuresti 123 SCV 17/03/2025 10:16:43 pm has been saved
2025-03-17 22:16:43,932 [1] INFO FlightDBRepository - Getting all flights
2025-03-17 22:16:43,939 [1] INFO FlightDBRepository - All flights have been retrieved
2025-03-17 22:16:43,941 [1] INFO FlightDBRepository - Searching for flight with id 7
2025-03-17 22:16:43,943 [1] INFO FlightDBRepository - Found flight
2025-03-17 22:16:43,943 [1] INFO FlightDBRepository - Finding all flights with available seats
2025-03-17 22:16:43,945 [1] INFO FlightDBRepository - All flights have been retrieved
2025-03-17 22:16:43,946 [1] INFO FlightDBRepository - Finding all flights with destination, departure, and date
2025-03-17 22:16:43,951 [1] INFO FlightDBRepository - All flights have been retrieved
2025-03-17 22:19:05,182 [1] INFO MainClass - Starting application
2025-03-17 22:19:05,227 [1] INFO EmployeeDBRepository - Getting all employees
2025-03-17 22:19:05,578 [1] INFO EmployeeDBRepository - Getting Employee with user antonia8 and password parola
2025-03-17 22:19:05,587 [1] INFO EmployeeDBRepository - Entity was found
2025-03-17 22:19:05,588 [1] INFO EmployeeDBRepository - Getting Employee with ID 3
2025-03-17 22:19:05,590 [1] INFO EmployeeDBRepository - Getting Employee with ID 3
2025-03-17 22:19:05,591 [1] INFO EmployeeDBRepository - Updating Employee Employee: user: vladE,password: parola,Vlad Enea
2025-03-17 22:19:05,592 [1] INFO EmployeeDBRepository - Employee was updated
2025-03-17 22:19:05,593 [1] INFO EmployeeDBRepository - Getting all employees
2025-03-17 22:19:05,602 [1] INFO FlightDBRepository - Saving flight Flight:Suceava Bucuresti 123 SCV 17/03/2025 10:19:05 pm
2025-03-17 22:19:05,605 [1] INFO FlightDBRepository - Flight Flight:Suceava Bucuresti 123 SCV 17/03/2025 10:19:05 pm has been saved
2025-03-17 22:19:05,605 [1] INFO FlightDBRepository - Getting all flights
2025-03-17 22:19:05,609 [1] INFO FlightDBRepository - All flights have been retrieved
2025-03-17 22:19:05,611 [1] INFO FlightDBRepository - Searching for flight with id 7
2025-03-17 22:19:05,612 [1] INFO FlightDBRepository - Found flight
2025-03-17 22:19:05,613 [1] INFO FlightDBRepository - Finding all flights with available seats
2025-03-17 22:19:05,615 [1] INFO FlightDBRepository - All flights have been retrieved
2025-03-17 22:19:05,618 [1] INFO FlightDBRepository - Finding all flights with destination, departure, and date
2025-03-17 22:19:05,622 [1] INFO FlightDBRepository - All flights have been retrieved
2025-03-17 22:19:05,623 [1] INFO FlightDBRepository - Searching for flight with id 7
2025-03-17 22:19:05,624 [1] INFO FlightDBRepository - Found flight
2025-03-17 22:19:21,263 [1] INFO MainClass - Starting application
2025-03-17 22:19:21,293 [1] INFO EmployeeDBRepository - Getting all employees
2025-03-17 22:19:21,614 [1] INFO EmployeeDBRepository - Getting Employee with user antonia8 and password parola
2025-03-17 22:19:21,623 [1] INFO EmployeeDBRepository - Entity was found
2025-03-17 22:19:21,624 [1] INFO EmployeeDBRepository - Getting Employee with ID 3
2025-03-17 22:19:21,627 [1] INFO EmployeeDBRepository - Getting Employee with ID 3
2025-03-17 22:19:21,628 [1] INFO EmployeeDBRepository - Updating Employee Employee: user: vladE,password: parola,Vlad Enea
2025-03-17 22:19:21,630 [1] INFO EmployeeDBRepository - Employee was updated
2025-03-17 22:19:21,630 [1] INFO EmployeeDBRepository - Getting all employees
2025-03-17 22:19:21,641 [1] INFO FlightDBRepository - Saving flight Flight:Suceava Bucuresti 123 SCV 17/03/2025 10:19:21 pm
2025-03-17 22:19:21,644 [1] INFO FlightDBRepository - Flight Flight:Suceava Bucuresti 123 SCV 17/03/2025 10:19:21 pm has been saved
2025-03-17 22:19:21,645 [1] INFO FlightDBRepository - Getting all flights
2025-03-17 22:19:21,651 [1] INFO FlightDBRepository - All flights have been retrieved
2025-03-17 22:19:21,657 [1] INFO FlightDBRepository - Searching for flight with id 7
2025-03-17 22:19:21,660 [1] INFO FlightDBRepository - Found flight
2025-03-17 22:19:21,661 [1] INFO FlightDBRepository - Finding all flights with available seats
2025-03-17 22:19:21,664 [1] INFO FlightDBRepository - All flights have been retrieved
2025-03-17 22:19:21,668 [1] INFO FlightDBRepository - Finding all flights with destination, departure, and date
2025-03-17 22:19:21,676 [1] INFO FlightDBRepository - All flights have been retrieved
2025-03-17 22:19:21,677 [1] INFO FlightDBRepository - Searching for flight with id 7
2025-03-17 22:19:21,679 [1] INFO FlightDBRepository - Found flight
2025-03-17 22:20:46,323 [1] INFO MainClass - Starting application
2025-03-17 22:20:46,358 [1] INFO EmployeeDBRepository - Getting all employees
2025-03-17 22:20:46,689 [1] INFO EmployeeDBRepository - Getting Employee with user antonia8 and password parola
2025-03-17 22:20:46,704 [1] INFO EmployeeDBRepository - Entity was found
2025-03-17 22:20:46,705 [1] INFO EmployeeDBRepository - Getting Employee with ID 3
2025-03-17 22:20:46,709 [1] INFO EmployeeDBRepository - Getting Employee with ID 3
2025-03-17 22:20:46,710 [1] INFO EmployeeDBRepository - Updating Employee Employee: user: vladE,password: parola,Vlad Enea
2025-03-17 22:20:46,715 [1] INFO EmployeeDBRepository - Employee was updated
2025-03-17 22:20:46,715 [1] INFO EmployeeDBRepository - Getting all employees
2025-03-17 22:20:46,726 [1] INFO FlightDBRepository - Saving flight Flight:Suceava Bucuresti 123 SCV 17/03/2025 10:20:46 pm
2025-03-17 22:20:46,733 [1] INFO FlightDBRepository - Flight Flight:Suceava Bucuresti 123 SCV 17/03/2025 10:20:46 pm has been saved
2025-03-17 22:20:46,734 [1] INFO FlightDBRepository - Getting all flights
2025-03-17 22:20:46,739 [1] INFO FlightDBRepository - All flights have been retrieved
2025-03-17 22:20:46,742 [1] INFO FlightDBRepository - Searching for flight with id 7
2025-03-17 22:20:46,743 [1] INFO FlightDBRepository - Found flight
2025-03-17 22:20:46,744 [1] INFO FlightDBRepository - Finding all flights with available seats
2025-03-17 22:20:46,746 [1] INFO FlightDBRepository - All flights have been retrieved
2025-03-17 22:20:46,748 [1] INFO FlightDBRepository - Finding all flights with destination, departure, and date
2025-03-17 22:20:46,753 [1] INFO FlightDBRepository - All flights have been retrieved
2025-03-17 22:20:46,754 [1] INFO FlightDBRepository - Searching for flight with id 7
2025-03-17 22:20:46,755 [1] INFO FlightDBRepository - Found flight
2025-03-17 22:20:46,762 [1] INFO FlightDBRepository - Searching for flight with id 7
2025-03-17 22:23:20,431 [1] INFO MainClass - Starting application
2025-03-17 22:23:20,466 [1] INFO EmployeeDBRepository - Getting all employees
2025-03-17 22:23:20,806 [1] INFO EmployeeDBRepository - Getting Employee with user antonia8 and password parola
2025-03-17 22:23:20,815 [1] INFO EmployeeDBRepository - Entity was found
2025-03-17 22:23:20,816 [1] INFO EmployeeDBRepository - Getting Employee with ID 3
2025-03-17 22:23:20,818 [1] INFO EmployeeDBRepository - Getting Employee with ID 3
2025-03-17 22:23:20,819 [1] INFO EmployeeDBRepository - Updating Employee Employee: user: vladE,password: parola,Vlad Enea
2025-03-17 22:23:20,821 [1] INFO EmployeeDBRepository - Employee was updated
2025-03-17 22:23:20,821 [1] INFO EmployeeDBRepository - Getting all employees
2025-03-17 22:23:20,832 [1] INFO FlightDBRepository - Saving flight Flight:Suceava Bucuresti 123 SCV 17/03/2025 10:23:20 pm
2025-03-17 22:23:20,835 [1] INFO FlightDBRepository - Flight Flight:Suceava Bucuresti 123 SCV 17/03/2025 10:23:20 pm has been saved
2025-03-17 22:23:20,836 [1] INFO FlightDBRepository - Getting all flights
2025-03-17 22:23:20,841 [1] INFO FlightDBRepository - All flights have been retrieved
2025-03-17 22:23:20,843 [1] INFO FlightDBRepository - Searching for flight with id 7
2025-03-17 22:23:20,845 [1] INFO FlightDBRepository - Found flight
2025-03-17 22:23:20,846 [1] INFO FlightDBRepository - Finding all flights with available seats
2025-03-17 22:23:20,849 [1] INFO FlightDBRepository - All flights have been retrieved
2025-03-17 22:23:20,850 [1] INFO FlightDBRepository - Finding all flights with destination, departure, and date
2025-03-17 22:23:20,855 [1] INFO FlightDBRepository - All flights have been retrieved
2025-03-17 22:23:20,856 [1] INFO FlightDBRepository - Searching for flight with id 7
2025-03-17 22:23:20,858 [1] INFO FlightDBRepository - Found flight
2025-03-17 22:23:20,863 [1] INFO FlightDBRepository - Searching for flight with id 7
2025-03-17 22:29:44,244 [1] INFO MainClass - Starting application
2025-03-17 22:29:44,273 [1] INFO EmployeeDBRepository - Getting all employees
2025-03-17 22:29:44,630 [1] INFO EmployeeDBRepository - Getting Employee with user antonia8 and password parola
2025-03-17 22:29:44,640 [1] INFO EmployeeDBRepository - Entity was found
2025-03-17 22:29:44,640 [1] INFO EmployeeDBRepository - Getting Employee with ID 3
2025-03-17 22:29:44,643 [1] INFO EmployeeDBRepository - Getting Employee with ID 3
2025-03-17 22:29:44,644 [1] INFO EmployeeDBRepository - Updating Employee Employee: user: vladE,password: parola,Vlad Enea
2025-03-17 22:29:44,646 [1] INFO EmployeeDBRepository - Employee was updated
2025-03-17 22:29:44,647 [1] INFO EmployeeDBRepository - Getting all employees
2025-03-17 22:29:44,656 [1] INFO FlightDBRepository - Saving flight Flight:Suceava Bucuresti 123 SCV 17/03/2025 10:29:44 pm
2025-03-17 22:29:44,659 [1] INFO FlightDBRepository - Flight Flight:Suceava Bucuresti 123 SCV 17/03/2025 10:29:44 pm has been saved
2025-03-17 22:29:44,660 [1] INFO FlightDBRepository - Getting all flights
2025-03-17 22:29:44,663 [1] INFO FlightDBRepository - All flights have been retrieved
2025-03-17 22:29:44,665 [1] INFO FlightDBRepository - Searching for flight with id 7
2025-03-17 22:29:44,666 [1] INFO FlightDBRepository - Found flight
2025-03-17 22:29:44,667 [1] INFO FlightDBRepository - Finding all flights with available seats
2025-03-17 22:29:44,669 [1] INFO FlightDBRepository - All flights have been retrieved
2025-03-17 22:29:44,671 [1] INFO FlightDBRepository - Finding all flights with destination, departure, and date
2025-03-17 22:29:44,677 [1] INFO FlightDBRepository - All flights have been retrieved
2025-03-17 22:29:44,679 [1] INFO FlightDBRepository - Searching for flight with id 7
2025-03-17 22:29:44,681 [1] INFO FlightDBRepository - Found flight
2025-03-17 22:29:44,686 [1] INFO FlightDBRepository - Searching for flight with id 7
2025-03-17 22:31:42,163 [1] INFO MainClass - Starting application
2025-03-17 22:31:42,220 [1] INFO EmployeeDBRepository - Getting all employees
2025-03-17 22:31:42,542 [1] INFO EmployeeDBRepository - Getting Employee with user antonia8 and password parola
2025-03-17 22:31:42,551 [1] INFO EmployeeDBRepository - Entity was found
2025-03-17 22:31:42,552 [1] INFO EmployeeDBRepository - Getting Employee with ID 3
2025-03-17 22:31:42,554 [1] INFO EmployeeDBRepository - Getting Employee with ID 3
2025-03-17 22:31:42,555 [1] INFO EmployeeDBRepository - Updating Employee Employee: user: vladE,password: parola,Vlad Enea
2025-03-17 22:31:42,557 [1] INFO EmployeeDBRepository - Employee was updated
2025-03-17 22:31:42,557 [1] INFO EmployeeDBRepository - Getting all employees
2025-03-17 22:31:42,569 [1] INFO FlightDBRepository - Saving flight Flight:Suceava Bucuresti 123 SCV 17/03/2025 10:31:42 pm
2025-03-17 22:31:42,572 [1] INFO FlightDBRepository - Flight Flight:Suceava Bucuresti 123 SCV 17/03/2025 10:31:42 pm has been saved
2025-03-17 22:31:42,573 [1] INFO FlightDBRepository - Getting all flights
2025-03-17 22:31:42,576 [1] INFO FlightDBRepository - All flights have been retrieved
2025-03-17 22:31:42,578 [1] INFO FlightDBRepository - Searching for flight with id 7
2025-03-17 22:31:42,579 [1] INFO FlightDBRepository - Found flight
2025-03-17 22:31:42,580 [1] INFO FlightDBRepository - Finding all flights with available seats
2025-03-17 22:31:42,582 [1] INFO FlightDBRepository - All flights have been retrieved
2025-03-17 22:31:42,584 [1] INFO FlightDBRepository - Finding all flights with destination, departure, and date
2025-03-17 22:31:42,588 [1] INFO FlightDBRepository - All flights have been retrieved
2025-03-17 22:31:42,589 [1] INFO FlightDBRepository - Searching for flight with id 7
2025-03-17 22:31:42,590 [1] INFO FlightDBRepository - Found flight
2025-03-17 22:31:42,596 [1] INFO FlightDBRepository - Searching for flight with id 7
2025-03-17 22:31:58,344 [1] INFO MainClass - Starting application
2025-03-17 22:31:58,374 [1] INFO EmployeeDBRepository - Getting all employees
2025-03-17 22:31:58,720 [1] INFO EmployeeDBRepository - Getting Employee with user antonia8 and password parola
2025-03-17 22:31:58,729 [1] INFO EmployeeDBRepository - Entity was found
2025-03-17 22:31:58,730 [1] INFO EmployeeDBRepository - Getting Employee with ID 3
2025-03-17 22:31:58,732 [1] INFO EmployeeDBRepository - Getting Employee with ID 3
2025-03-17 22:31:58,733 [1] INFO EmployeeDBRepository - Updating Employee Employee: user: vladE,password: parola,Vlad Enea
2025-03-17 22:31:58,734 [1] INFO EmployeeDBRepository - Employee was updated
2025-03-17 22:31:58,735 [1] INFO EmployeeDBRepository - Getting all employees
2025-03-17 22:31:58,744 [1] INFO FlightDBRepository - Saving flight Flight:Suceava Bucuresti 123 SCV 17/03/2025 10:31:58 pm
2025-03-17 22:31:58,747 [1] INFO FlightDBRepository - Flight Flight:Suceava Bucuresti 123 SCV 17/03/2025 10:31:58 pm has been saved
2025-03-17 22:31:58,747 [1] INFO FlightDBRepository - Getting all flights
2025-03-17 22:31:58,751 [1] INFO FlightDBRepository - All flights have been retrieved
2025-03-17 22:31:58,753 [1] INFO FlightDBRepository - Searching for flight with id 7
2025-03-17 22:31:58,754 [1] INFO FlightDBRepository - Found flight
2025-03-17 22:31:58,755 [1] INFO FlightDBRepository - Finding all flights with available seats
2025-03-17 22:31:58,756 [1] INFO FlightDBRepository - All flights have been retrieved
2025-03-17 22:31:58,758 [1] INFO FlightDBRepository - Finding all flights with destination, departure, and date
2025-03-17 22:31:58,763 [1] INFO FlightDBRepository - All flights have been retrieved
2025-03-17 22:31:58,763 [1] INFO FlightDBRepository - Searching for flight with id 7
2025-03-17 22:31:58,765 [1] INFO FlightDBRepository - Found flight
2025-03-17 22:31:58,768 [1] INFO FlightDBRepository - Searching for flight with id 7
2025-03-17 22:47:15,818 [1] INFO MainClass - Starting application
2025-03-17 22:47:15,886 [1] INFO EmployeeDBRepository - Getting all employees
2025-03-17 22:47:16,902 [1] INFO EmployeeDBRepository - Getting Employee with user antonia8 and password parola
2025-03-17 22:47:16,913 [1] INFO EmployeeDBRepository - Entity was found
2025-03-17 22:47:16,914 [1] INFO EmployeeDBRepository - Getting Employee with ID 3
2025-03-17 22:47:16,918 [1] INFO EmployeeDBRepository - Getting Employee with ID 3
2025-03-17 22:47:16,919 [1] INFO EmployeeDBRepository - Updating Employee Employee: user: vladE,password: parola,Vlad Enea
2025-03-17 22:47:16,921 [1] INFO EmployeeDBRepository - Employee was updated
2025-03-17 22:47:16,921 [1] INFO EmployeeDBRepository - Getting all employees
2025-03-17 22:47:16,929 [1] INFO FlightDBRepository - Saving flight Flight:Suceava Bucuresti 123 SCV 17/03/2025 10:47:16 pm
2025-03-17 22:47:16,933 [1] INFO FlightDBRepository - Flight Flight:Suceava Bucuresti 123 SCV 17/03/2025 10:47:16 pm has been saved
2025-03-17 22:47:16,934 [1] INFO FlightDBRepository - Getting all flights
2025-03-17 22:47:16,939 [1] INFO FlightDBRepository - All flights have been retrieved
2025-03-17 22:47:16,942 [1] INFO FlightDBRepository - Searching for flight with id 7
2025-03-17 22:47:16,944 [1] INFO FlightDBRepository - Found flight
2025-03-17 22:47:16,945 [1] INFO FlightDBRepository - Finding all flights with available seats
2025-03-17 22:47:16,947 [1] INFO FlightDBRepository - All flights have been retrieved
2025-03-17 22:47:16,950 [1] INFO FlightDBRepository - Finding all flights with destination, departure, and date
2025-03-17 22:47:16,958 [1] INFO FlightDBRepository - All flights have been retrieved
2025-03-17 22:47:16,959 [1] INFO FlightDBRepository - Searching for flight with id 7
2025-03-17 22:47:16,960 [1] INFO FlightDBRepository - Found flight
2025-03-17 22:47:16,965 [1] INFO FlightDBRepository - Searching for flight with id 7
2025-03-17 22:48:27,526 [1] INFO MainClass - Starting application
2025-03-17 22:48:27,563 [1] INFO EmployeeDBRepository - Getting all employees
2025-03-17 22:48:27,923 [1] INFO EmployeeDBRepository - Getting Employee with user antonia8 and password parola
2025-03-17 22:48:27,937 [1] INFO EmployeeDBRepository - Entity was found
2025-03-17 22:48:27,938 [1] INFO EmployeeDBRepository - Getting Employee with ID 3
2025-03-17 22:48:27,941 [1] INFO EmployeeDBRepository - Getting Employee with ID 3
2025-03-17 22:48:27,942 [1] INFO EmployeeDBRepository - Updating Employee Employee: user: vladE,password: parola,Vlad Enea
2025-03-17 22:48:27,944 [1] INFO EmployeeDBRepository - Employee was updated
2025-03-17 22:48:27,944 [1] INFO EmployeeDBRepository - Getting all employees
2025-03-17 22:48:27,953 [1] INFO FlightDBRepository - Saving flight Flight:Suceava Bucuresti 123 SCV 17/03/2025 10:48:27 pm
2025-03-17 22:48:27,956 [1] INFO FlightDBRepository - Flight Flight:Suceava Bucuresti 123 SCV 17/03/2025 10:48:27 pm has been saved
2025-03-17 22:48:27,957 [1] INFO FlightDBRepository - Getting all flights
2025-03-17 22:48:27,962 [1] INFO FlightDBRepository - All flights have been retrieved
2025-03-17 22:48:27,963 [1] INFO FlightDBRepository - Searching for flight with id 7
2025-03-17 22:48:27,964 [1] INFO FlightDBRepository - Found flight
2025-03-17 22:48:27,965 [1] INFO FlightDBRepository - Finding all flights with available seats
2025-03-17 22:48:27,966 [1] INFO FlightDBRepository - All flights have been retrieved
2025-03-17 22:48:27,968 [1] INFO FlightDBRepository - Finding all flights with destination, departure, and date
2025-03-17 22:48:27,973 [1] INFO FlightDBRepository - All flights have been retrieved
2025-03-17 22:48:27,973 [1] INFO FlightDBRepository - Searching for flight with id 7
2025-03-17 22:48:27,974 [1] INFO FlightDBRepository - Found flight
2025-03-17 22:48:27,978 [1] INFO FlightDBRepository - Searching for flight with id 7
2025-03-17 22:48:27,979 [1] INFO FlightDBRepository - Found flight
2025-03-17 22:50:20,208 [1] INFO MainClass - Starting application
2025-03-17 22:50:20,257 [1] INFO EmployeeDBRepository - Getting all employees
2025-03-17 22:50:20,582 [1] INFO EmployeeDBRepository - Getting Employee with user antonia8 and password parola
2025-03-17 22:50:20,592 [1] INFO EmployeeDBRepository - Entity was found
2025-03-17 22:50:20,593 [1] INFO EmployeeDBRepository - Getting Employee with ID 3
2025-03-17 22:50:20,595 [1] INFO EmployeeDBRepository - Getting Employee with ID 3
2025-03-17 22:50:20,596 [1] INFO EmployeeDBRepository - Updating Employee Employee: user: vladE,password: parola,Vlad Enea
2025-03-17 22:50:20,597 [1] INFO EmployeeDBRepository - Employee was updated
2025-03-17 22:50:20,598 [1] INFO EmployeeDBRepository - Getting all employees
2025-03-17 22:50:20,606 [1] INFO FlightDBRepository - Saving flight Flight:Suceava Bucuresti 123 SCV 17/03/2025 10:50:20 pm
2025-03-17 22:50:20,609 [1] INFO FlightDBRepository - Flight Flight:Suceava Bucuresti 123 SCV 17/03/2025 10:50:20 pm has been saved
2025-03-17 22:50:20,609 [1] INFO FlightDBRepository - Getting all flights
2025-03-17 22:50:20,614 [1] INFO FlightDBRepository - All flights have been retrieved
2025-03-17 22:50:20,616 [1] INFO FlightDBRepository - Searching for flight with id 7
2025-03-17 22:50:20,617 [1] INFO FlightDBRepository - Found flight
2025-03-17 22:50:20,618 [1] INFO FlightDBRepository - Finding all flights with available seats
2025-03-17 22:50:20,619 [1] INFO FlightDBRepository - All flights have been retrieved
2025-03-17 22:50:20,621 [1] INFO FlightDBRepository - Finding all flights with destination, departure, and date
2025-03-17 22:50:20,625 [1] INFO FlightDBRepository - All flights have been retrieved
2025-03-17 22:50:20,626 [1] INFO FlightDBRepository - Searching for flight with id 7
2025-03-17 22:50:20,627 [1] INFO FlightDBRepository - Found flight
2025-03-17 22:50:41,893 [1] INFO MainClass - Starting application
2025-03-17 22:50:41,924 [1] INFO EmployeeDBRepository - Getting all employees
2025-03-17 22:50:42,237 [1] INFO EmployeeDBRepository - Getting Employee with user antonia8 and password parola
2025-03-17 22:50:42,246 [1] INFO EmployeeDBRepository - Entity was found
2025-03-17 22:50:42,247 [1] INFO EmployeeDBRepository - Getting Employee with ID 3
2025-03-17 22:50:42,249 [1] INFO EmployeeDBRepository - Getting Employee with ID 3
2025-03-17 22:50:42,250 [1] INFO EmployeeDBRepository - Updating Employee Employee: user: vladE,password: parola,Vlad Enea
2025-03-17 22:50:42,252 [1] INFO EmployeeDBRepository - Employee was updated
2025-03-17 22:50:42,252 [1] INFO EmployeeDBRepository - Getting all employees
2025-03-17 22:50:42,261 [1] INFO FlightDBRepository - Saving flight Flight:Suceava Bucuresti 123 SCV 17/03/2025 10:50:42 pm
2025-03-17 22:50:42,265 [1] INFO FlightDBRepository - Flight Flight:Suceava Bucuresti 123 SCV 17/03/2025 10:50:42 pm has been saved
2025-03-17 22:50:42,265 [1] INFO FlightDBRepository - Getting all flights
2025-03-17 22:50:42,271 [1] INFO FlightDBRepository - All flights have been retrieved
2025-03-17 22:50:42,274 [1] INFO FlightDBRepository - Searching for flight with id 7
2025-03-17 22:50:42,275 [1] INFO FlightDBRepository - Found flight
2025-03-17 22:50:42,275 [1] INFO FlightDBRepository - Finding all flights with available seats
2025-03-17 22:50:42,277 [1] INFO FlightDBRepository - All flights have been retrieved
2025-03-17 22:50:42,279 [1] INFO FlightDBRepository - Finding all flights with destination, departure, and date
2025-03-17 22:50:42,284 [1] INFO FlightDBRepository - All flights have been retrieved
2025-03-17 22:50:42,285 [1] INFO FlightDBRepository - Searching for flight with id 7
2025-03-17 22:50:42,286 [1] INFO FlightDBRepository - Found flight
2025-03-17 22:50:42,290 [1] INFO FlightDBRepository - Searching for flight with id 7
2025-03-17 22:53:44,162 [1] INFO MainClass - Starting application
2025-03-17 22:53:44,414 [1] INFO EmployeeDBRepository - Getting all employees
2025-03-17 22:53:45,710 [1] INFO EmployeeDBRepository - Getting Employee with user antonia8 and password parola
2025-03-17 22:53:45,722 [1] INFO EmployeeDBRepository - Entity was found
2025-03-17 22:53:45,722 [1] INFO EmployeeDBRepository - Getting Employee with ID 3
2025-03-17 22:53:45,726 [1] INFO EmployeeDBRepository - Getting Employee with ID 3
2025-03-17 22:53:45,727 [1] INFO EmployeeDBRepository - Updating Employee Employee: user: vladE,password: parola,Vlad Enea
2025-03-17 22:53:45,729 [1] INFO EmployeeDBRepository - Employee was updated
2025-03-17 22:53:45,729 [1] INFO EmployeeDBRepository - Getting all employees
2025-03-17 22:53:45,747 [1] INFO FlightDBRepository - Saving flight Flight:Suceava Bucuresti 123 SCV 17/03/2025 10:53:45 pm
2025-03-17 22:53:45,752 [1] INFO FlightDBRepository - Flight Flight:Suceava Bucuresti 123 SCV 17/03/2025 10:53:45 pm has been saved
2025-03-17 22:53:45,752 [1] INFO FlightDBRepository - Getting all flights
2025-03-17 22:53:45,759 [1] INFO FlightDBRepository - All flights have been retrieved
2025-03-17 22:53:45,762 [1] INFO FlightDBRepository - Searching for flight with id 7
2025-03-17 22:53:45,764 [1] INFO FlightDBRepository - Found flight
2025-03-17 22:53:45,765 [1] INFO FlightDBRepository - Finding all flights with available seats
2025-03-17 22:53:45,767 [1] INFO FlightDBRepository - All flights have been retrieved
2025-03-17 22:53:45,771 [1] INFO FlightDBRepository - Finding all flights with destination, departure, and date
2025-03-17 22:53:45,779 [1] INFO FlightDBRepository - All flights have been retrieved
2025-03-17 22:53:45,780 [1] INFO FlightDBRepository - Searching for flight with id 7
2025-03-17 22:53:45,782 [1] INFO FlightDBRepository - Found flight
2025-03-17 22:53:45,789 [1] INFO FlightDBRepository - Searching for flight with id 7
2025-03-17 22:58:43,661 [1] INFO MainClass - Starting application
2025-03-17 22:58:43,702 [1] INFO EmployeeDBRepository - Getting all employees
2025-03-17 22:58:44,007 [1] INFO EmployeeDBRepository - Getting Employee with user antonia8 and password parola
2025-03-17 22:58:44,018 [1] INFO EmployeeDBRepository - Entity was found
2025-03-17 22:58:44,019 [1] INFO EmployeeDBRepository - Getting Employee with ID 3
2025-03-17 22:58:44,021 [1] INFO EmployeeDBRepository - Getting Employee with ID 3
2025-03-17 22:58:44,022 [1] INFO EmployeeDBRepository - Updating Employee Employee: user: vladE,password: parola,Vlad Enea
2025-03-17 22:58:44,026 [1] INFO EmployeeDBRepository - Employee was updated
2025-03-17 22:58:44,027 [1] INFO EmployeeDBRepository - Getting all employees
2025-03-17 22:58:44,040 [1] INFO FlightDBRepository - Saving flight Flight:Suceava Bucuresti 123 SCV 17/03/2025 10:58:44 pm
2025-03-17 22:58:44,051 [1] INFO FlightDBRepository - Flight Flight:Suceava Bucuresti 123 SCV 17/03/2025 10:58:44 pm has been saved
2025-03-17 22:58:44,052 [1] INFO FlightDBRepository - Getting all flights
2025-03-17 22:58:44,060 [1] INFO FlightDBRepository - All flights have been retrieved
2025-03-17 22:58:44,065 [1] INFO FlightDBRepository - Searching for flight with id 7
2025-03-17 22:58:44,067 [1] INFO FlightDBRepository - Found flight
2025-03-17 22:58:44,068 [1] INFO FlightDBRepository - Finding all flights with available seats
2025-03-17 22:58:44,070 [1] INFO FlightDBRepository - All flights have been retrieved
2025-03-17 22:58:44,073 [1] INFO FlightDBRepository - Finding all flights with destination, departure, and date
2025-03-17 22:58:44,078 [1] INFO FlightDBRepository - All flights have been retrieved
2025-03-17 22:58:44,079 [1] INFO FlightDBRepository - Searching for flight with id 7
2025-03-17 22:58:44,081 [1] INFO FlightDBRepository - Found flight
2025-03-17 22:59:27,716 [1] INFO MainClass - Starting application
2025-03-17 22:59:27,745 [1] INFO EmployeeDBRepository - Getting all employees
2025-03-17 22:59:28,067 [1] INFO EmployeeDBRepository - Getting Employee with user antonia8 and password parola
2025-03-17 22:59:28,078 [1] INFO EmployeeDBRepository - Entity was found
2025-03-17 22:59:28,079 [1] INFO EmployeeDBRepository - Getting Employee with ID 3
2025-03-17 22:59:28,086 [1] INFO EmployeeDBRepository - Getting Employee with ID 3
2025-03-17 22:59:28,088 [1] INFO EmployeeDBRepository - Updating Employee Employee: user: vladE,password: parola,Vlad Enea
2025-03-17 22:59:28,091 [1] INFO EmployeeDBRepository - Employee was updated
2025-03-17 22:59:28,091 [1] INFO EmployeeDBRepository - Getting all employees
2025-03-17 22:59:28,103 [1] INFO FlightDBRepository - Saving flight Flight:Suceava Bucuresti 123 SCV 17/03/2025 10:59:28 pm
2025-03-17 22:59:28,106 [1] INFO FlightDBRepository - Flight Flight:Suceava Bucuresti 123 SCV 17/03/2025 10:59:28 pm has been saved
2025-03-17 22:59:28,107 [1] INFO FlightDBRepository - Getting all flights
2025-03-17 22:59:28,112 [1] INFO FlightDBRepository - All flights have been retrieved
2025-03-17 22:59:28,114 [1] INFO FlightDBRepository - Searching for flight with id 7
2025-03-17 22:59:28,116 [1] INFO FlightDBRepository - Found flight
2025-03-17 22:59:28,117 [1] INFO FlightDBRepository - Finding all flights with available seats
2025-03-17 22:59:28,118 [1] INFO FlightDBRepository - All flights have been retrieved
2025-03-17 22:59:28,122 [1] INFO FlightDBRepository - Finding all flights with destination, departure, and date
2025-03-17 22:59:28,130 [1] INFO FlightDBRepository - All flights have been retrieved
2025-03-17 22:59:28,131 [1] INFO FlightDBRepository - Searching for flight with id 7
2025-03-17 22:59:28,132 [1] INFO FlightDBRepository - Found flight
2025-03-17 23:01:04,812 [1] INFO MainClass - Starting application
2025-03-17 23:01:04,850 [1] INFO EmployeeDBRepository - Getting all employees
2025-03-17 23:01:05,192 [1] INFO EmployeeDBRepository - Getting Employee with user antonia8 and password parola
2025-03-17 23:01:05,202 [1] INFO EmployeeDBRepository - Entity was found
2025-03-17 23:01:05,203 [1] INFO EmployeeDBRepository - Getting Employee with ID 3
2025-03-17 23:01:05,206 [1] INFO EmployeeDBRepository - Getting Employee with ID 3
2025-03-17 23:01:05,207 [1] INFO EmployeeDBRepository - Updating Employee Employee: user: vladE,password: parola,Vlad Enea
2025-03-17 23:01:05,209 [1] INFO EmployeeDBRepository - Employee was updated
2025-03-17 23:01:05,209 [1] INFO EmployeeDBRepository - Getting all employees
2025-03-17 23:01:05,217 [1] INFO FlightDBRepository - Saving flight Flight:Suceava Bucuresti 123 SCV 17/03/2025 11:01:05 pm
2025-03-17 23:01:05,220 [1] INFO FlightDBRepository - Flight Flight:Suceava Bucuresti 123 SCV 17/03/2025 11:01:05 pm has been saved
2025-03-17 23:01:05,221 [1] INFO FlightDBRepository - Getting all flights
2025-03-17 23:01:05,225 [1] INFO FlightDBRepository - All flights have been retrieved
2025-03-17 23:01:05,228 [1] INFO FlightDBRepository - Searching for flight with id 7
2025-03-17 23:01:05,230 [1] INFO FlightDBRepository - Found flight
2025-03-17 23:01:05,231 [1] INFO FlightDBRepository - Finding all flights with available seats
2025-03-17 23:01:05,234 [1] INFO FlightDBRepository - All flights have been retrieved
2025-03-17 23:01:05,236 [1] INFO FlightDBRepository - Finding all flights with destination, departure, and date
2025-03-17 23:01:05,241 [1] INFO FlightDBRepository - All flights have been retrieved
2025-03-17 23:01:05,242 [1] INFO FlightDBRepository - Searching for flight with id 7
2025-03-17 23:01:05,243 [1] INFO FlightDBRepository - Found flight
2025-03-18 08:35:56,659 [1] INFO MainClass - Starting application
2025-03-18 08:35:56,701 [1] INFO EmployeeDBRepository - Getting all employees
2025-03-18 08:35:57,160 [1] INFO EmployeeDBRepository - Getting Employee with user antonia8 and password parola
2025-03-18 08:35:57,176 [1] INFO EmployeeDBRepository - Entity was found
2025-03-18 08:35:57,178 [1] INFO EmployeeDBRepository - Getting Employee with ID 3
2025-03-18 08:35:57,183 [1] INFO EmployeeDBRepository - Getting Employee with ID 3
2025-03-18 08:35:57,185 [1] INFO EmployeeDBRepository - Updating Employee Employee: user: vladE,password: parola,Vlad Enea
2025-03-18 08:35:57,196 [1] INFO EmployeeDBRepository - Employee was updated
2025-03-18 08:35:57,196 [1] INFO EmployeeDBRepository - Getting all employees
2025-03-18 08:35:57,209 [1] INFO FlightDBRepository - Saving flight Flight:Suceava Bucuresti 123 SCV 18/03/2025 8:35:57 am
2025-03-18 08:35:57,214 [1] INFO FlightDBRepository - Flight Flight:Suceava Bucuresti 123 SCV 18/03/2025 8:35:57 am has been saved
2025-03-18 08:35:57,215 [1] INFO FlightDBRepository - Getting all flights
2025-03-18 08:35:57,221 [1] INFO FlightDBRepository - All flights have been retrieved
2025-03-18 08:35:57,227 [1] INFO FlightDBRepository - Searching for flight with id 7
2025-03-18 08:35:57,230 [1] INFO FlightDBRepository - Found flight
2025-03-18 08:35:57,231 [1] INFO FlightDBRepository - Finding all flights with available seats
2025-03-18 08:35:57,234 [1] INFO FlightDBRepository - All flights have been retrieved
2025-03-18 08:35:57,240 [1] INFO FlightDBRepository - Finding all flights with destination, departure, and date
2025-03-18 08:35:57,250 [1] INFO FlightDBRepository - All flights have been retrieved
2025-03-18 08:35:57,251 [1] INFO FlightDBRepository - Searching for flight with id 7
2025-03-18 08:35:57,254 [1] INFO FlightDBRepository - Found flight
2025-03-18 08:36:44,294 [1] INFO MainClass - Starting application
2025-03-18 08:36:44,334 [1] INFO EmployeeDBRepository - Getting all employees
2025-03-18 08:36:44,672 [1] INFO EmployeeDBRepository - Getting Employee with user antonia8 and password parola
2025-03-18 08:36:44,684 [1] INFO EmployeeDBRepository - Entity was found
2025-03-18 08:36:44,685 [1] INFO EmployeeDBRepository - Getting Employee with ID 3
2025-03-18 08:36:44,688 [1] INFO EmployeeDBRepository - Getting Employee with ID 3
2025-03-18 08:36:44,689 [1] INFO EmployeeDBRepository - Updating Employee Employee: user: vladE,password: parola,Vlad Enea
2025-03-18 08:36:44,693 [1] INFO EmployeeDBRepository - Employee was updated
2025-03-18 08:36:44,693 [1] INFO EmployeeDBRepository - Getting all employees
2025-03-18 08:36:44,710 [1] INFO FlightDBRepository - Saving flight Flight:Suceava Bucuresti 123 SCV 18/03/2025 8:36:44 am
2025-03-18 08:36:44,715 [1] INFO FlightDBRepository - Flight Flight:Suceava Bucuresti 123 SCV 18/03/2025 8:36:44 am has been saved
2025-03-18 08:36:44,716 [1] INFO FlightDBRepository - Getting all flights
2025-03-18 08:36:44,724 [1] INFO FlightDBRepository - All flights have been retrieved
2025-03-18 08:36:44,730 [1] INFO FlightDBRepository - Searching for flight with id 7
2025-03-18 08:36:44,733 [1] INFO FlightDBRepository - Found flight
2025-03-18 08:36:44,735 [1] INFO FlightDBRepository - Finding all flights with available seats
2025-03-18 08:36:44,738 [1] INFO FlightDBRepository - All flights have been retrieved
2025-03-18 08:36:44,742 [1] INFO FlightDBRepository - Finding all flights with destination, departure, and date
2025-03-18 08:36:44,750 [1] INFO FlightDBRepository - All flights have been retrieved
2025-03-18 08:36:44,751 [1] INFO FlightDBRepository - Searching for flight with id 7
2025-03-18 08:36:44,753 [1] INFO FlightDBRepository - Found flight
2025-03-18 09:53:54,649 [1] INFO MainClass - Starting application
2025-03-18 09:53:54,693 [1] INFO EmployeeDBRepository - Getting all employees
2025-03-18 09:53:55,061 [1] INFO EmployeeDBRepository - Getting Employee with user antonia8 and password parola
2025-03-18 09:53:55,074 [1] INFO EmployeeDBRepository - Entity was found
2025-03-18 09:53:55,075 [1] INFO EmployeeDBRepository - Getting Employee with ID 3
2025-03-18 09:53:55,079 [1] INFO EmployeeDBRepository - Getting Employee with ID 3
2025-03-18 09:53:55,080 [1] INFO EmployeeDBRepository - Updating Employee Employee: user: vladE,password: parola,Vlad Enea
2025-03-18 09:53:55,083 [1] INFO EmployeeDBRepository - Employee was updated
2025-03-18 09:53:55,083 [1] INFO EmployeeDBRepository - Getting all employees
2025-03-18 09:53:55,096 [1] INFO FlightDBRepository - Saving flight Flight:Suceava Bucuresti 123 SCV 18/03/2025 9:53:55 am
2025-03-18 09:53:55,100 [1] INFO FlightDBRepository - Flight Flight:Suceava Bucuresti 123 SCV 18/03/2025 9:53:55 am has been saved
2025-03-18 09:53:55,101 [1] INFO FlightDBRepository - Getting all flights
2025-03-18 09:53:55,107 [1] INFO FlightDBRepository - All flights have been retrieved
2025-03-18 09:53:55,112 [1] INFO FlightDBRepository - Searching for flight with id 7
2025-03-18 09:53:55,114 [1] INFO FlightDBRepository - Found flight
2025-03-18 09:53:55,115 [1] INFO FlightDBRepository - Finding all flights with available seats
2025-03-18 09:53:55,118 [1] INFO FlightDBRepository - All flights have been retrieved
2025-03-18 09:53:55,123 [1] INFO FlightDBRepository - Finding all flights with destination, departure, and date
2025-03-18 09:53:55,131 [1] INFO FlightDBRepository - All flights have been retrieved
2025-03-18 09:53:55,132 [1] INFO FlightDBRepository - Searching for flight with id 7
2025-03-18 09:53:55,134 [1] INFO FlightDBRepository - Found flight
2025-03-18 09:53:55,136 [1] INFO TicketRepository - Saving ticket Ticket number: 2, buyer: Ana Maria,Marcela Pop, flight: 7
2025-03-18 09:53:55,140 [1] INFO TicketRepository - Ticket saved!
2025-03-18 09:53:55,141 [1] INFO TicketRepository - Retrieving tickets
2025-03-18 09:53:55,144 [1] INFO TicketRepository - Tickets retrieved
2025-03-18 10:15:48,372 [1] INFO MainClass - Starting application
2025-03-18 10:15:48,414 [1] INFO EmployeeDBRepository - Getting all employees
2025-03-18 10:15:48,822 [1] INFO EmployeeDBRepository - Getting Employee with user antonia8 and password parola
2025-03-18 10:15:48,834 [1] INFO EmployeeDBRepository - Entity was found
2025-03-18 10:15:48,835 [1] INFO EmployeeDBRepository - Getting Employee with ID 3
2025-03-18 10:15:48,839 [1] INFO EmployeeDBRepository - Getting Employee with ID 3
2025-03-18 10:15:48,840 [1] INFO EmployeeDBRepository - Updating Employee Employee: user: vladE,password: parola,Vlad Enea
2025-03-18 10:15:48,845 [1] INFO EmployeeDBRepository - Employee was updated
2025-03-18 10:15:48,846 [1] INFO EmployeeDBRepository - Getting all employees
2025-03-18 10:15:48,859 [1] INFO FlightDBRepository - Saving flight Flight:Suceava Bucuresti 123 SCV 18/03/2025 10:15:48 am
2025-03-18 10:15:48,863 [1] INFO FlightDBRepository - Flight Flight:Suceava Bucuresti 123 SCV 18/03/2025 10:15:48 am has been saved
2025-03-18 10:15:48,863 [1] INFO FlightDBRepository - Getting all flights
2025-03-18 10:15:48,869 [1] INFO FlightDBRepository - All flights have been retrieved
2025-03-18 10:15:48,873 [1] INFO FlightDBRepository - Searching for flight with id 7
2025-03-18 10:15:48,875 [1] INFO FlightDBRepository - Found flight
2025-03-18 10:15:48,876 [1] INFO FlightDBRepository - Finding all flights with available seats
2025-03-18 10:15:48,878 [1] INFO FlightDBRepository - All flights have been retrieved
2025-03-18 10:15:48,882 [1] INFO FlightDBRepository - Finding all flights with destination, departure, and date
2025-03-18 10:15:48,888 [1] INFO FlightDBRepository - All flights have been retrieved
2025-03-18 10:15:48,889 [1] INFO FlightDBRepository - Searching for flight with id 7
2025-03-18 10:15:48,890 [1] INFO FlightDBRepository - Found flight
2025-03-18 10:15:48,892 [1] INFO TicketRepository - Saving ticket Ticket number: 2, buyer: Ana Maria,Marcela Pop, flight: 7
2025-03-18 10:16:30,233 [1] INFO MainClass - Starting application
2025-03-18 10:16:30,266 [1] INFO EmployeeDBRepository - Getting all employees
2025-03-18 10:16:30,631 [1] INFO EmployeeDBRepository - Getting Employee with user antonia8 and password parola
2025-03-18 10:16:30,643 [1] INFO EmployeeDBRepository - Entity was found
2025-03-18 10:16:30,645 [1] INFO EmployeeDBRepository - Getting Employee with ID 3
2025-03-18 10:16:30,648 [1] INFO EmployeeDBRepository - Getting Employee with ID 3
2025-03-18 10:16:30,650 [1] INFO EmployeeDBRepository - Updating Employee Employee: user: vladE,password: parola,Vlad Enea
2025-03-18 10:16:30,654 [1] INFO EmployeeDBRepository - Employee was updated
2025-03-18 10:16:30,654 [1] INFO EmployeeDBRepository - Getting all employees
2025-03-18 10:16:30,666 [1] INFO FlightDBRepository - Saving flight Flight:Suceava Bucuresti 123 SCV 18/03/2025 10:16:30 am
2025-03-18 10:16:30,669 [1] INFO FlightDBRepository - Flight Flight:Suceava Bucuresti 123 SCV 18/03/2025 10:16:30 am has been saved
2025-03-18 10:16:30,670 [1] INFO FlightDBRepository - Getting all flights
2025-03-18 10:16:30,675 [1] INFO FlightDBRepository - All flights have been retrieved
2025-03-18 10:16:30,682 [1] INFO FlightDBRepository - Searching for flight with id 7
2025-03-18 10:16:30,685 [1] INFO FlightDBRepository - Found flight
2025-03-18 10:16:30,686 [1] INFO FlightDBRepository - Finding all flights with available seats
2025-03-18 10:16:30,688 [1] INFO FlightDBRepository - All flights have been retrieved
2025-03-18 10:16:30,693 [1] INFO FlightDBRepository - Finding all flights with destination, departure, and date
2025-03-18 10:16:30,698 [1] INFO FlightDBRepository - All flights have been retrieved
2025-03-18 10:16:30,700 [1] INFO FlightDBRepository - Searching for flight with id 7
2025-03-18 10:16:30,701 [1] INFO FlightDBRepository - Found flight
2025-03-18 10:16:30,703 [1] INFO TicketRepository - Saving ticket Ticket number: 2, buyer: Ana Maria,Marcela Pop, flight: 7
2025-03-18 10:17:42,330 [1] INFO MainClass - Starting application
2025-03-18 10:17:42,363 [1] INFO EmployeeDBRepository - Getting all employees
2025-03-18 10:17:42,697 [1] INFO EmployeeDBRepository - Getting Employee with user antonia8 and password parola
2025-03-18 10:17:42,709 [1] INFO EmployeeDBRepository - Entity was found
2025-03-18 10:17:42,710 [1] INFO EmployeeDBRepository - Getting Employee with ID 3
2025-03-18 10:17:42,713 [1] INFO EmployeeDBRepository - Getting Employee with ID 3
2025-03-18 10:17:42,715 [1] INFO EmployeeDBRepository - Updating Employee Employee: user: vladE,password: parola,Vlad Enea
2025-03-18 10:17:42,718 [1] INFO EmployeeDBRepository - Employee was updated
2025-03-18 10:17:42,718 [1] INFO EmployeeDBRepository - Getting all employees
2025-03-18 10:17:42,730 [1] INFO FlightDBRepository - Saving flight Flight:Suceava Bucuresti 123 SCV 18/03/2025 10:17:42 am
2025-03-18 10:17:42,765 [1] INFO FlightDBRepository - Flight Flight:Suceava Bucuresti 123 SCV 18/03/2025 10:17:42 am has been saved
2025-03-18 10:17:42,766 [1] INFO FlightDBRepository - Getting all flights
2025-03-18 10:17:42,770 [1] INFO FlightDBRepository - All flights have been retrieved
2025-03-18 10:17:42,774 [1] INFO FlightDBRepository - Searching for flight with id 7
2025-03-18 10:17:42,776 [1] INFO FlightDBRepository - Found flight
2025-03-18 10:17:42,777 [1] INFO FlightDBRepository - Finding all flights with available seats
2025-03-18 10:17:42,779 [1] INFO FlightDBRepository - All flights have been retrieved
2025-03-18 10:17:42,783 [1] INFO FlightDBRepository - Finding all flights with destination, departure, and date
2025-03-18 10:17:42,789 [1] INFO FlightDBRepository - All flights have been retrieved
2025-03-18 10:17:42,790 [1] INFO FlightDBRepository - Searching for flight with id 7
2025-03-18 10:17:42,792 [1] INFO FlightDBRepository - Found flight
2025-03-18 10:17:42,794 [1] INFO TicketRepository - Saving ticket Ticket number: 2, buyer: Ana Maria,Marcela Pop, flight: 7
2025-03-18 10:17:42,797 [1] INFO TicketRepository - Ticket saved!
2025-03-18 10:17:42,798 [1] INFO TicketRepository - Retrieving tickets
2025-03-18 10:17:42,801 [1] INFO TicketRepository - Tickets retrieved
2025-03-18 10:23:45,932 [1] INFO MainClass - Starting application
2025-03-18 10:23:45,991 [1] INFO EmployeeDBRepository - Getting all employees
2025-03-18 10:23:46,474 [1] INFO EmployeeDBRepository - Getting Employee with user antonia8 and password parola
2025-03-18 10:23:46,485 [1] INFO EmployeeDBRepository - Entity was found
2025-03-18 10:23:46,487 [1] INFO EmployeeDBRepository - Getting Employee with ID 3
2025-03-18 10:23:46,489 [1] INFO EmployeeDBRepository - Getting Employee with ID 3
2025-03-18 10:23:46,490 [1] INFO EmployeeDBRepository - Updating Employee Employee: user: vladEm,password: parola,Vlad Enea
2025-03-18 10:23:46,495 [1] INFO EmployeeDBRepository - Employee was updated
2025-03-18 10:23:46,495 [1] INFO EmployeeDBRepository - Getting all employees
2025-03-18 10:23:46,509 [1] INFO FlightDBRepository - Saving flight Flight:Suceava Bucuresti 123 SCV 18/03/2025 10:23:46 am
2025-03-18 10:23:46,513 [1] INFO FlightDBRepository - Flight Flight:Suceava Bucuresti 123 SCV 18/03/2025 10:23:46 am has been saved
2025-03-18 10:23:46,514 [1] INFO FlightDBRepository - Getting all flights
2025-03-18 10:23:46,524 [1] INFO FlightDBRepository - All flights have been retrieved
2025-03-18 10:23:46,532 [1] INFO FlightDBRepository - Searching for flight with id 7
2025-03-18 10:23:46,535 [1] INFO FlightDBRepository - Found flight
2025-03-18 10:23:46,536 [1] INFO FlightDBRepository - Finding all flights with available seats
2025-03-18 10:23:46,540 [1] INFO FlightDBRepository - All flights have been retrieved
2025-03-18 10:23:46,547 [1] INFO FlightDBRepository - Finding all flights with destination, departure, and date
2025-03-18 10:23:46,554 [1] INFO FlightDBRepository - All flights have been retrieved
2025-03-18 10:23:46,556 [1] INFO FlightDBRepository - Searching for flight with id 7
2025-03-18 10:23:46,557 [1] INFO FlightDBRepository - Found flight
2025-03-18 10:23:46,558 [1] INFO TicketRepository - Saving ticket Ticket number: 2, buyer: Ana Maria,Marcela Pop, flight: 7
2025-03-18 10:23:46,561 [1] INFO TicketRepository - Ticket saved!
2025-03-18 10:23:46,562 [1] INFO TicketRepository - Retrieving tickets
2025-03-18 10:23:46,564 [1] INFO TicketRepository - Tickets retrieved
