2025-03-17 23:18:46 [Test worker] TRACE org.example.repository.FlightDBRepository - Enter Adding a new flight Flight:Bucuresti Cluj-Napoca 240 Otopeni 2025-03-17T23:18:46.021092100'
2025-03-17 23:18:46 [Test worker] TRACE org.example.repository.FlightDBRepository - Exit with(Flight:Bucuresti Cluj-Napoca 240 Otopeni 2025-03-17T23:18:46.021092100')
2025-03-17 23:18:46 [Test worker] TRACE org.example.repository.FlightDBRepository - Enter Finding all flights
2025-03-17 23:18:46 [Test worker] TRACE org.example.repository.FlightDBRepository - Exit with([Flight:Bucuresti Cluj-Napoca 240 Otopeni 2025-03-17T18:13:28', Flight:constanta suceava 20 CTP 2025-03-17T20:32:11', Flight:constanta suceava 20 CTP 2025-03-17T21:19:39', Flight:constanta suceava 20 CTP 2025-03-17T21:21:15', Flight:constanta suceava 20 CTP 2025-03-17T21:21:37', Flight:Suceava Bucuresti 123 SCV 2025-03-17T22:05:28', Flight:Suceava Bucuresti 123 SCV 2025-03-17T22:06:18', Flight:Suceava Bucuresti 123 SCV 2025-03-17T22:23:20', Flight:Suceava Bucuresti 123 SCV 2025-03-17T22:29:44', Flight:Suceava Bucuresti 123 SCV 2025-03-17T22:31:42', Flight:Suceava Bucuresti 123 SCV 2025-03-17T22:31:58', Flight:Bucuresti Cluj-Napoca 240 Otopeni 2025-03-17T22:33:18', Flight:Suceava Bucuresti 123 SCV 2025-03-17T22:47:16', Flight:Suceava Bucuresti 123 SCV 2025-03-17T22:48:27', Flight:Suceava Bucuresti 123 SCV 2025-03-17T22:50:20', Flight:Suceava Bucuresti 123 SCV 2025-03-17T22:50:42', Flight:Suceava Bucuresti 123 SCV 2025-03-17T22:53:45', Flight:Suceava Bucuresti 123 SCV 2025-03-17T22:58:44', Flight:Suceava Bucuresti 123 SCV 2025-03-17T22:59:28', Flight:Suceava Bucuresti 123 SCV 2025-03-17T23:01:05', Flight:Bucuresti Cluj-Napoca 240 Otopeni 2025-03-17T23:08:23', Flight:Bucuresti Cluj-Napoca 240 Otopeni 2025-03-17T23:18:46'])
2025-03-17 23:18:46 [Test worker] TRACE org.example.repository.FlightDBRepository - Enter Finding flight by id 7
2025-03-17 23:18:46 [Test worker] TRACE org.example.repository.FlightDBRepository - Exit with(Flight:Bucuresti Cluj-Napoca 240 Otopeni 2025-03-17T18:13:28')
2025-03-17 23:18:46 [Test worker] TRACE org.example.repository.FlightDBRepository - Enter Finding flight by id 7
2025-03-17 23:18:46 [Test worker] TRACE org.example.repository.FlightDBRepository - Exit with(Flight:Bucuresti Cluj-Napoca 240 Otopeni 2025-03-17T18:13:28')
2025-03-17 23:19:10 [Test worker] TRACE org.example.repository.FlightDBRepository - Enter Adding a new flight Flight:Bucuresti Cluj-Napoca 240 Otopeni 2025-03-17T23:19:10.800238800'
2025-03-17 23:19:10 [Test worker] TRACE org.example.repository.FlightDBRepository - Exit with(Flight:Bucuresti Cluj-Napoca 240 Otopeni 2025-03-17T23:19:10.800238800')
2025-03-17 23:19:10 [Test worker] TRACE org.example.repository.FlightDBRepository - Enter Finding all flights
2025-03-17 23:19:10 [Test worker] TRACE org.example.repository.FlightDBRepository - Exit with([Flight:Bucuresti Cluj-Napoca 240 Otopeni 2025-03-17T18:13:28', Flight:constanta suceava 20 CTP 2025-03-17T20:32:11', Flight:constanta suceava 20 CTP 2025-03-17T21:19:39', Flight:constanta suceava 20 CTP 2025-03-17T21:21:15', Flight:constanta suceava 20 CTP 2025-03-17T21:21:37', Flight:Suceava Bucuresti 123 SCV 2025-03-17T22:05:28', Flight:Suceava Bucuresti 123 SCV 2025-03-17T22:06:18', Flight:Suceava Bucuresti 123 SCV 2025-03-17T22:23:20', Flight:Suceava Bucuresti 123 SCV 2025-03-17T22:29:44', Flight:Suceava Bucuresti 123 SCV 2025-03-17T22:31:42', Flight:Suceava Bucuresti 123 SCV 2025-03-17T22:31:58', Flight:Bucuresti Cluj-Napoca 240 Otopeni 2025-03-17T22:33:18', Flight:Suceava Bucuresti 123 SCV 2025-03-17T22:47:16', Flight:Suceava Bucuresti 123 SCV 2025-03-17T22:48:27', Flight:Suceava Bucuresti 123 SCV 2025-03-17T22:50:20', Flight:Suceava Bucuresti 123 SCV 2025-03-17T22:50:42', Flight:Suceava Bucuresti 123 SCV 2025-03-17T22:53:45', Flight:Suceava Bucuresti 123 SCV 2025-03-17T22:58:44', Flight:Suceava Bucuresti 123 SCV 2025-03-17T22:59:28', Flight:Suceava Bucuresti 123 SCV 2025-03-17T23:01:05', Flight:Bucuresti Cluj-Napoca 240 Otopeni 2025-03-17T23:08:23', Flight:Bucuresti Cluj-Napoca 240 Otopeni 2025-03-17T23:18:46', Flight:Bucuresti Cluj-Napoca 240 Otopeni 2025-03-17T23:19:10'])
2025-03-17 23:19:10 [Test worker] TRACE org.example.repository.FlightDBRepository - Enter Finding flight by id 7
2025-03-17 23:19:10 [Test worker] TRACE org.example.repository.FlightDBRepository - Exit with(Flight:Bucuresti Cluj-Napoca 240 Otopeni 2025-03-17T18:13:28')
2025-03-17 23:19:10 [Test worker] TRACE org.example.repository.FlightDBRepository - Enter Finding flight by id 7
2025-03-17 23:19:10 [Test worker] TRACE org.example.repository.FlightDBRepository - Exit with(Flight:Bucuresti Cluj-Napoca 240 Otopeni 2025-03-17T18:13:28')
2025-03-18 08:33:19 [Test worker] TRACE org.example.repository.FlightDBRepository - Enter Adding a new flight Flight:Bucuresti Cluj-Napoca 240 Otopeni 2025-03-18T08:33:19.966614400'
2025-03-18 08:33:20 [Test worker] TRACE org.example.repository.FlightDBRepository - Exit with(Flight:Bucuresti Cluj-Napoca 240 Otopeni 2025-03-18T08:33:19.966614400')
2025-03-18 08:33:20 [Test worker] TRACE org.example.repository.FlightDBRepository - Enter Finding all flights
2025-03-18 08:33:20 [Test worker] TRACE org.example.repository.FlightDBRepository - Exit with([Flight:Bucuresti Cluj-Napoca 240 Otopeni 2025-03-17T18:13:28', Flight:constanta suceava 20 CTP 2025-03-17T20:32:11', Flight:constanta suceava 20 CTP 2025-03-17T21:19:39', Flight:constanta suceava 20 CTP 2025-03-17T21:21:15', Flight:constanta suceava 20 CTP 2025-03-17T21:21:37', Flight:Suceava Bucuresti 123 SCV 2025-03-17T22:05:28', Flight:Suceava Bucuresti 123 SCV 2025-03-17T22:06:18', Flight:Suceava Bucuresti 123 SCV 2025-03-17T22:23:20', Flight:Suceava Bucuresti 123 SCV 2025-03-17T22:29:44', Flight:Suceava Bucuresti 123 SCV 2025-03-17T22:31:42', Flight:Suceava Bucuresti 123 SCV 2025-03-17T22:31:58', Flight:Bucuresti Cluj-Napoca 240 Otopeni 2025-03-17T22:33:18', Flight:Suceava Bucuresti 123 SCV 2025-03-17T22:47:16', Flight:Suceava Bucuresti 123 SCV 2025-03-17T22:48:27', Flight:Suceava Bucuresti 123 SCV 2025-03-17T22:50:20', Flight:Suceava Bucuresti 123 SCV 2025-03-17T22:50:42', Flight:Suceava Bucuresti 123 SCV 2025-03-17T22:53:45', Flight:Suceava Bucuresti 123 SCV 2025-03-17T22:58:44', Flight:Suceava Bucuresti 123 SCV 2025-03-17T22:59:28', Flight:Suceava Bucuresti 123 SCV 2025-03-17T23:01:05', Flight:Bucuresti Cluj-Napoca 240 Otopeni 2025-03-17T23:08:23', Flight:Bucuresti Cluj-Napoca 240 Otopeni 2025-03-17T23:18:46', Flight:Bucuresti Cluj-Napoca 240 Otopeni 2025-03-17T23:19:10', Flight:Bucuresti Cluj-Napoca 240 Otopeni 2025-03-18T08:33:19'])
2025-03-18 08:33:20 [Test worker] TRACE org.example.repository.FlightDBRepository - Enter Finding flight by id 7
2025-03-18 08:33:20 [Test worker] TRACE org.example.repository.FlightDBRepository - Exit with(Flight:Bucuresti Cluj-Napoca 240 Otopeni 2025-03-17T18:13:28')
2025-03-18 08:33:20 [Test worker] TRACE org.example.repository.FlightDBRepository - Enter Finding flight by id 7
2025-03-18 08:33:20 [Test worker] TRACE org.example.repository.FlightDBRepository - Exit with(Flight:Bucuresti Cluj-Napoca 240 Otopeni 2025-03-17T18:13:28')
2025-03-18 09:49:59 [Test worker] TRACE org.example.repository.FlightDBRepository - Enter Adding a new flight Flight:Bucuresti Cluj-Napoca 240 Otopeni 2025-03-18T09:49:59.835526700'
2025-03-18 09:50:00 [Test worker] TRACE org.example.repository.FlightDBRepository - Exit with(Flight:Bucuresti Cluj-Napoca 240 Otopeni 2025-03-18T09:49:59.835526700')
2025-03-18 09:50:00 [Test worker] TRACE org.example.repository.FlightDBRepository - Enter Finding all flights
2025-03-18 09:50:00 [Test worker] TRACE org.example.repository.FlightDBRepository - Exit with([Flight:Bucuresti Cluj-Napoca 240 Otopeni 2025-03-17T18:13:28', Flight:constanta suceava 20 CTP 2025-03-17T20:32:11', Flight:constanta suceava 20 CTP 2025-03-17T21:19:39', Flight:constanta suceava 20 CTP 2025-03-17T21:21:15', Flight:constanta suceava 20 CTP 2025-03-17T21:21:37', Flight:Suceava Bucuresti 123 SCV 2025-03-17T22:05:28', Flight:Suceava Bucuresti 123 SCV 2025-03-17T22:06:18', Flight:Suceava Bucuresti 123 SCV 2025-03-17T22:23:20', Flight:Suceava Bucuresti 123 SCV 2025-03-17T22:29:44', Flight:Suceava Bucuresti 123 SCV 2025-03-17T22:31:42', Flight:Suceava Bucuresti 123 SCV 2025-03-17T22:31:58', Flight:Bucuresti Cluj-Napoca 240 Otopeni 2025-03-17T22:33:18', Flight:Suceava Bucuresti 123 SCV 2025-03-17T22:47:16', Flight:Suceava Bucuresti 123 SCV 2025-03-17T22:48:27', Flight:Suceava Bucuresti 123 SCV 2025-03-17T22:50:20', Flight:Suceava Bucuresti 123 SCV 2025-03-17T22:50:42', Flight:Suceava Bucuresti 123 SCV 2025-03-17T22:53:45', Flight:Suceava Bucuresti 123 SCV 2025-03-17T22:58:44', Flight:Suceava Bucuresti 123 SCV 2025-03-17T22:59:28', Flight:Suceava Bucuresti 123 SCV 2025-03-17T23:01:05', Flight:Bucuresti Cluj-Napoca 240 Otopeni 2025-03-17T23:08:23', Flight:Bucuresti Cluj-Napoca 240 Otopeni 2025-03-17T23:18:46', Flight:Bucuresti Cluj-Napoca 240 Otopeni 2025-03-17T23:19:10', Flight:Bucuresti Cluj-Napoca 240 Otopeni 2025-03-18T08:33:19', Flight:Suceava Bucuresti 123 SCV 2025-03-18T08:35:57', Flight:Suceava Bucuresti 123 SCV 2025-03-18T08:36:44', Flight:Bucuresti Cluj-Napoca 240 Otopeni 2025-03-18T09:49:59'])
2025-03-18 09:50:00 [Test worker] TRACE org.example.repository.TicketDBRepository - Enter Finding all tickets
2025-03-18 09:50:00 [Test worker] TRACE org.example.repository.FlightDBRepository - Enter Finding flight by id 7
2025-03-18 09:50:00 [Test worker] TRACE org.example.repository.FlightDBRepository - Exit with(Flight:Bucuresti Cluj-Napoca 240 Otopeni 2025-03-17T18:13:28')
2025-03-18 09:50:00 [Test worker] TRACE org.example.repository.FlightDBRepository - Enter Finding flight by id 7
2025-03-18 09:50:00 [Test worker] TRACE org.example.repository.FlightDBRepository - Exit with(Flight:Bucuresti Cluj-Napoca 240 Otopeni 2025-03-17T18:13:28')
2025-03-18 09:50:00 [Test worker] TRACE org.example.repository.FlightDBRepository - Enter Finding flight by id 7
2025-03-18 09:50:00 [Test worker] TRACE org.example.repository.FlightDBRepository - Exit with(Flight:Bucuresti Cluj-Napoca 240 Otopeni 2025-03-17T18:13:28')
2025-03-18 09:50:00 [Test worker] TRACE org.example.repository.FlightDBRepository - Enter Finding flight by id 7
2025-03-18 09:50:00 [Test worker] TRACE org.example.repository.FlightDBRepository - Exit with(Flight:Bucuresti Cluj-Napoca 240 Otopeni 2025-03-17T18:13:28')
2025-03-18 09:50:00 [Test worker] TRACE org.example.repository.TicketDBRepository - Exit with(Find successful)
2025-03-18 09:50:04 [Test worker] TRACE org.example.repository.FlightDBRepository - Enter Adding a new flight Flight:Bucuresti Cluj-Napoca 240 Otopeni 2025-03-18T09:50:04.950747900'
2025-03-18 09:50:05 [Test worker] TRACE org.example.repository.FlightDBRepository - Exit with(Flight:Bucuresti Cluj-Napoca 240 Otopeni 2025-03-18T09:50:04.950747900')
2025-03-18 09:50:05 [Test worker] TRACE org.example.repository.FlightDBRepository - Enter Finding all flights
2025-03-18 09:50:05 [Test worker] TRACE org.example.repository.FlightDBRepository - Exit with([Flight:Bucuresti Cluj-Napoca 240 Otopeni 2025-03-17T18:13:28', Flight:constanta suceava 20 CTP 2025-03-17T20:32:11', Flight:constanta suceava 20 CTP 2025-03-17T21:19:39', Flight:constanta suceava 20 CTP 2025-03-17T21:21:15', Flight:constanta suceava 20 CTP 2025-03-17T21:21:37', Flight:Suceava Bucuresti 123 SCV 2025-03-17T22:05:28', Flight:Suceava Bucuresti 123 SCV 2025-03-17T22:06:18', Flight:Suceava Bucuresti 123 SCV 2025-03-17T22:23:20', Flight:Suceava Bucuresti 123 SCV 2025-03-17T22:29:44', Flight:Suceava Bucuresti 123 SCV 2025-03-17T22:31:42', Flight:Suceava Bucuresti 123 SCV 2025-03-17T22:31:58', Flight:Bucuresti Cluj-Napoca 240 Otopeni 2025-03-17T22:33:18', Flight:Suceava Bucuresti 123 SCV 2025-03-17T22:47:16', Flight:Suceava Bucuresti 123 SCV 2025-03-17T22:48:27', Flight:Suceava Bucuresti 123 SCV 2025-03-17T22:50:20', Flight:Suceava Bucuresti 123 SCV 2025-03-17T22:50:42', Flight:Suceava Bucuresti 123 SCV 2025-03-17T22:53:45', Flight:Suceava Bucuresti 123 SCV 2025-03-17T22:58:44', Flight:Suceava Bucuresti 123 SCV 2025-03-17T22:59:28', Flight:Suceava Bucuresti 123 SCV 2025-03-17T23:01:05', Flight:Bucuresti Cluj-Napoca 240 Otopeni 2025-03-17T23:08:23', Flight:Bucuresti Cluj-Napoca 240 Otopeni 2025-03-17T23:18:46', Flight:Bucuresti Cluj-Napoca 240 Otopeni 2025-03-17T23:19:10', Flight:Bucuresti Cluj-Napoca 240 Otopeni 2025-03-18T08:33:19', Flight:Suceava Bucuresti 123 SCV 2025-03-18T08:35:57', Flight:Suceava Bucuresti 123 SCV 2025-03-18T08:36:44', Flight:Bucuresti Cluj-Napoca 240 Otopeni 2025-03-18T09:49:59', Flight:Bucuresti Cluj-Napoca 240 Otopeni 2025-03-18T09:50:04'])
2025-03-18 09:50:05 [Test worker] TRACE org.example.repository.TicketDBRepository - Enter Finding all tickets
2025-03-18 09:50:05 [Test worker] TRACE org.example.repository.FlightDBRepository - Enter Finding flight by id 7
2025-03-18 09:50:05 [Test worker] TRACE org.example.repository.FlightDBRepository - Exit with(Flight:Bucuresti Cluj-Napoca 240 Otopeni 2025-03-17T18:13:28')
2025-03-18 09:50:05 [Test worker] TRACE org.example.repository.FlightDBRepository - Enter Finding flight by id 7
2025-03-18 09:50:05 [Test worker] TRACE org.example.repository.FlightDBRepository - Exit with(Flight:Bucuresti Cluj-Napoca 240 Otopeni 2025-03-17T18:13:28')
2025-03-18 09:50:05 [Test worker] TRACE org.example.repository.FlightDBRepository - Enter Finding flight by id 7
2025-03-18 09:50:05 [Test worker] TRACE org.example.repository.FlightDBRepository - Exit with(Flight:Bucuresti Cluj-Napoca 240 Otopeni 2025-03-17T18:13:28')
2025-03-18 09:50:05 [Test worker] TRACE org.example.repository.FlightDBRepository - Enter Finding flight by id 7
2025-03-18 09:50:05 [Test worker] TRACE org.example.repository.FlightDBRepository - Exit with(Flight:Bucuresti Cluj-Napoca 240 Otopeni 2025-03-17T18:13:28')
2025-03-18 09:50:05 [Test worker] TRACE org.example.repository.TicketDBRepository - Exit with(Find successful)
2025-03-18 10:01:19 [Test worker] TRACE org.example.repository.FlightDBRepository - Enter Adding a new flight Flight:Bucuresti Cluj-Napoca 240 Otopeni 2025-03-18T10:01:19.587631200'
2025-03-18 10:01:19 [Test worker] TRACE org.example.repository.FlightDBRepository - Exit with(Flight:Bucuresti Cluj-Napoca 240 Otopeni 2025-03-18T10:01:19.587631200')
2025-03-18 10:01:19 [Test worker] TRACE org.example.repository.FlightDBRepository - Enter Finding all flights
2025-03-18 10:01:19 [Test worker] TRACE org.example.repository.FlightDBRepository - Exit with([Flight:Bucuresti Cluj-Napoca 240 Otopeni 2025-03-17T18:13:28', Flight:constanta suceava 20 CTP 2025-03-17T20:32:11', Flight:constanta suceava 20 CTP 2025-03-17T21:19:39', Flight:constanta suceava 20 CTP 2025-03-17T21:21:15', Flight:constanta suceava 20 CTP 2025-03-17T21:21:37', Flight:Suceava Bucuresti 123 SCV 2025-03-17T22:05:28', Flight:Suceava Bucuresti 123 SCV 2025-03-17T22:06:18', Flight:Suceava Bucuresti 123 SCV 2025-03-17T22:23:20', Flight:Suceava Bucuresti 123 SCV 2025-03-17T22:29:44', Flight:Suceava Bucuresti 123 SCV 2025-03-17T22:31:42', Flight:Suceava Bucuresti 123 SCV 2025-03-17T22:31:58', Flight:Bucuresti Cluj-Napoca 240 Otopeni 2025-03-17T22:33:18', Flight:Suceava Bucuresti 123 SCV 2025-03-17T22:47:16', Flight:Suceava Bucuresti 123 SCV 2025-03-17T22:48:27', Flight:Suceava Bucuresti 123 SCV 2025-03-17T22:50:20', Flight:Suceava Bucuresti 123 SCV 2025-03-17T22:50:42', Flight:Suceava Bucuresti 123 SCV 2025-03-17T22:53:45', Flight:Suceava Bucuresti 123 SCV 2025-03-17T22:58:44', Flight:Suceava Bucuresti 123 SCV 2025-03-17T22:59:28', Flight:Suceava Bucuresti 123 SCV 2025-03-17T23:01:05', Flight:Bucuresti Cluj-Napoca 240 Otopeni 2025-03-17T23:08:23', Flight:Bucuresti Cluj-Napoca 240 Otopeni 2025-03-17T23:18:46', Flight:Bucuresti Cluj-Napoca 240 Otopeni 2025-03-17T23:19:10', Flight:Bucuresti Cluj-Napoca 240 Otopeni 2025-03-18T08:33:19', Flight:Suceava Bucuresti 123 SCV 2025-03-18T08:35:57', Flight:Suceava Bucuresti 123 SCV 2025-03-18T08:36:44', Flight:Bucuresti Cluj-Napoca 240 Otopeni 2025-03-18T09:49:59', Flight:Bucuresti Cluj-Napoca 240 Otopeni 2025-03-18T09:50:04', Flight:Suceava Bucuresti 123 SCV 2025-03-18T09:53:55', Flight:Bucuresti Cluj-Napoca 240 Otopeni 2025-03-18T10:01:19'])
2025-03-18 10:01:19 [Test worker] TRACE org.example.repository.TicketDBRepository - Enter Finding all tickets
2025-03-18 10:01:19 [Test worker] TRACE org.example.repository.FlightDBRepository - Enter Finding flight by id 7
2025-03-18 10:01:19 [Test worker] TRACE org.example.repository.FlightDBRepository - Exit with(Flight:Bucuresti Cluj-Napoca 240 Otopeni 2025-03-17T18:13:28')
2025-03-18 10:01:19 [Test worker] TRACE org.example.repository.FlightDBRepository - Enter Finding flight by id 7
2025-03-18 10:01:19 [Test worker] TRACE org.example.repository.FlightDBRepository - Exit with(Flight:Bucuresti Cluj-Napoca 240 Otopeni 2025-03-17T18:13:28')
2025-03-18 10:01:19 [Test worker] TRACE org.example.repository.FlightDBRepository - Enter Finding flight by id 7
2025-03-18 10:01:19 [Test worker] TRACE org.example.repository.FlightDBRepository - Exit with(Flight:Bucuresti Cluj-Napoca 240 Otopeni 2025-03-17T18:13:28')
2025-03-18 10:01:19 [Test worker] TRACE org.example.repository.FlightDBRepository - Enter Finding flight by id 7
2025-03-18 10:01:19 [Test worker] TRACE org.example.repository.FlightDBRepository - Exit with(Flight:Bucuresti Cluj-Napoca 240 Otopeni 2025-03-17T18:13:28')
2025-03-18 10:01:19 [Test worker] TRACE org.example.repository.FlightDBRepository - Enter Finding flight by id 7
2025-03-18 10:01:19 [Test worker] TRACE org.example.repository.FlightDBRepository - Exit with(Flight:Bucuresti Cluj-Napoca 240 Otopeni 2025-03-17T18:13:28')
2025-03-18 10:01:19 [Test worker] TRACE org.example.repository.TicketDBRepository - Exit with(Find successful)
2025-03-18 10:01:19 [Test worker] TRACE org.example.repository.EmployeeDBRepository - Enter Adding employee Employee{user='aaa', password='psss', firstName='aa', lastName='aaa'}
2025-03-18 10:01:19 [Test worker] TRACE org.example.repository.EmployeeDBRepository - Exit with(Employee{user='aaa', password='psss', firstName='aa', lastName='aaa'})
2025-03-18 10:18:14 [Test worker] TRACE org.example.repository.FlightDBRepository - Enter Adding a new flight Flight:Bucuresti Cluj-Napoca 240 Otopeni 2025-03-18T10:18:14.209674'
2025-03-18 10:18:14 [Test worker] TRACE org.example.repository.FlightDBRepository - Exit with(Flight:Bucuresti Cluj-Napoca 240 Otopeni 2025-03-18T10:18:14.209674')
2025-03-18 10:18:14 [Test worker] TRACE org.example.repository.FlightDBRepository - Enter Finding all flights
2025-03-18 10:18:14 [Test worker] TRACE org.example.repository.FlightDBRepository - Exit with([Flight:Bucuresti Cluj-Napoca 240 Otopeni 2025-03-17T18:13:28', Flight:constanta suceava 20 CTP 2025-03-17T20:32:11', Flight:constanta suceava 20 CTP 2025-03-17T21:19:39', Flight:constanta suceava 20 CTP 2025-03-17T21:21:15', Flight:constanta suceava 20 CTP 2025-03-17T21:21:37', Flight:Suceava Bucuresti 123 SCV 2025-03-17T22:05:28', Flight:Suceava Bucuresti 123 SCV 2025-03-17T22:06:18', Flight:Suceava Bucuresti 123 SCV 2025-03-17T22:23:20', Flight:Suceava Bucuresti 123 SCV 2025-03-17T22:29:44', Flight:Suceava Bucuresti 123 SCV 2025-03-17T22:31:42', Flight:Suceava Bucuresti 123 SCV 2025-03-17T22:31:58', Flight:Bucuresti Cluj-Napoca 240 Otopeni 2025-03-17T22:33:18', Flight:Suceava Bucuresti 123 SCV 2025-03-17T22:47:16', Flight:Suceava Bucuresti 123 SCV 2025-03-17T22:48:27', Flight:Suceava Bucuresti 123 SCV 2025-03-17T22:50:20', Flight:Suceava Bucuresti 123 SCV 2025-03-17T22:50:42', Flight:Suceava Bucuresti 123 SCV 2025-03-17T22:53:45', Flight:Suceava Bucuresti 123 SCV 2025-03-17T22:58:44', Flight:Suceava Bucuresti 123 SCV 2025-03-17T22:59:28', Flight:Suceava Bucuresti 123 SCV 2025-03-17T23:01:05', Flight:Bucuresti Cluj-Napoca 240 Otopeni 2025-03-17T23:08:23', Flight:Bucuresti Cluj-Napoca 240 Otopeni 2025-03-17T23:18:46', Flight:Bucuresti Cluj-Napoca 240 Otopeni 2025-03-17T23:19:10', Flight:Bucuresti Cluj-Napoca 240 Otopeni 2025-03-18T08:33:19', Flight:Suceava Bucuresti 123 SCV 2025-03-18T08:35:57', Flight:Suceava Bucuresti 123 SCV 2025-03-18T08:36:44', Flight:Bucuresti Cluj-Napoca 240 Otopeni 2025-03-18T09:49:59', Flight:Bucuresti Cluj-Napoca 240 Otopeni 2025-03-18T09:50:04', Flight:Suceava Bucuresti 123 SCV 2025-03-18T09:53:55', Flight:Bucuresti Cluj-Napoca 240 Otopeni 2025-03-18T10:01:19', Flight:Suceava Bucuresti 123 SCV 2025-03-18T10:15:48', Flight:Suceava Bucuresti 123 SCV 2025-03-18T10:16:30', Flight:Suceava Bucuresti 123 SCV 2025-03-18T10:17:42', Flight:Bucuresti Cluj-Napoca 240 Otopeni 2025-03-18T10:18:14'])
2025-03-18 10:18:14 [Test worker] TRACE org.example.repository.TicketDBRepository - Enter Finding all tickets
2025-03-18 10:18:14 [Test worker] TRACE org.example.repository.FlightDBRepository - Enter Finding flight by id 7
2025-03-18 10:18:14 [Test worker] TRACE org.example.repository.FlightDBRepository - Exit with(Flight:Bucuresti Cluj-Napoca 240 Otopeni 2025-03-17T18:13:28')
2025-03-18 10:18:14 [Test worker] TRACE org.example.repository.FlightDBRepository - Enter Finding flight by id 7
2025-03-18 10:18:14 [Test worker] TRACE org.example.repository.FlightDBRepository - Exit with(Flight:Bucuresti Cluj-Napoca 240 Otopeni 2025-03-17T18:13:28')
2025-03-18 10:18:14 [Test worker] TRACE org.example.repository.FlightDBRepository - Enter Finding flight by id 7
2025-03-18 10:18:14 [Test worker] TRACE org.example.repository.FlightDBRepository - Exit with(Flight:Bucuresti Cluj-Napoca 240 Otopeni 2025-03-17T18:13:28')
2025-03-18 10:18:14 [Test worker] TRACE org.example.repository.FlightDBRepository - Enter Finding flight by id 7
2025-03-18 10:18:14 [Test worker] TRACE org.example.repository.FlightDBRepository - Exit with(Flight:Bucuresti Cluj-Napoca 240 Otopeni 2025-03-17T18:13:28')
2025-03-18 10:18:14 [Test worker] TRACE org.example.repository.FlightDBRepository - Enter Finding flight by id 7
2025-03-18 10:18:14 [Test worker] TRACE org.example.repository.FlightDBRepository - Exit with(Flight:Bucuresti Cluj-Napoca 240 Otopeni 2025-03-17T18:13:28')
2025-03-18 10:18:14 [Test worker] TRACE org.example.repository.FlightDBRepository - Enter Finding flight by id 7
2025-03-18 10:18:14 [Test worker] TRACE org.example.repository.FlightDBRepository - Exit with(Flight:Bucuresti Cluj-Napoca 240 Otopeni 2025-03-17T18:13:28')
2025-03-18 10:18:14 [Test worker] TRACE org.example.repository.TicketDBRepository - Exit with(Find successful)
2025-03-18 10:18:14 [Test worker] TRACE org.example.repository.EmployeeDBRepository - Enter Finding all employees
2025-03-18 10:18:14 [Test worker] TRACE org.example.repository.EmployeeDBRepository - Exit with([Employee{user='vladE', password='parola', firstName='Vlad', lastName='Enea'}, Employee{user='antonia8', password='parola', firstName='Antonia', lastName='Moga'}, Employee{user='dana7', password='parola', firstName='Dana', lastName='Rusu'}, Employee{user='aaa', password='psss', firstName='aa', lastName='aaa'}])
2025-03-18 10:22:06 [Test worker] TRACE org.example.repository.FlightDBRepository - Enter Adding a new flight Flight:Bucuresti Cluj-Napoca 240 Otopeni 2025-03-18T10:22:06.373291600'
2025-03-18 10:22:06 [Test worker] TRACE org.example.repository.FlightDBRepository - Exit with(Flight:Bucuresti Cluj-Napoca 240 Otopeni 2025-03-18T10:22:06.373291600')
2025-03-18 10:22:06 [Test worker] TRACE org.example.repository.FlightDBRepository - Enter Finding all flights
2025-03-18 10:22:06 [Test worker] TRACE org.example.repository.FlightDBRepository - Exit with([Flight:Bucuresti Cluj-Napoca 240 Otopeni 2025-03-17T18:13:28', Flight:constanta suceava 20 CTP 2025-03-17T20:32:11', Flight:constanta suceava 20 CTP 2025-03-17T21:19:39', Flight:constanta suceava 20 CTP 2025-03-17T21:21:15', Flight:constanta suceava 20 CTP 2025-03-17T21:21:37', Flight:Suceava Bucuresti 123 SCV 2025-03-17T22:05:28', Flight:Suceava Bucuresti 123 SCV 2025-03-17T22:06:18', Flight:Suceava Bucuresti 123 SCV 2025-03-17T22:23:20', Flight:Suceava Bucuresti 123 SCV 2025-03-17T22:29:44', Flight:Suceava Bucuresti 123 SCV 2025-03-17T22:31:42', Flight:Suceava Bucuresti 123 SCV 2025-03-17T22:31:58', Flight:Bucuresti Cluj-Napoca 240 Otopeni 2025-03-17T22:33:18', Flight:Suceava Bucuresti 123 SCV 2025-03-17T22:47:16', Flight:Suceava Bucuresti 123 SCV 2025-03-17T22:48:27', Flight:Suceava Bucuresti 123 SCV 2025-03-17T22:50:20', Flight:Suceava Bucuresti 123 SCV 2025-03-17T22:50:42', Flight:Suceava Bucuresti 123 SCV 2025-03-17T22:53:45', Flight:Suceava Bucuresti 123 SCV 2025-03-17T22:58:44', Flight:Suceava Bucuresti 123 SCV 2025-03-17T22:59:28', Flight:Suceava Bucuresti 123 SCV 2025-03-17T23:01:05', Flight:Bucuresti Cluj-Napoca 240 Otopeni 2025-03-17T23:08:23', Flight:Bucuresti Cluj-Napoca 240 Otopeni 2025-03-17T23:18:46', Flight:Bucuresti Cluj-Napoca 240 Otopeni 2025-03-17T23:19:10', Flight:Bucuresti Cluj-Napoca 240 Otopeni 2025-03-18T08:33:19', Flight:Suceava Bucuresti 123 SCV 2025-03-18T08:35:57', Flight:Suceava Bucuresti 123 SCV 2025-03-18T08:36:44', Flight:Bucuresti Cluj-Napoca 240 Otopeni 2025-03-18T09:49:59', Flight:Bucuresti Cluj-Napoca 240 Otopeni 2025-03-18T09:50:04', Flight:Suceava Bucuresti 123 SCV 2025-03-18T09:53:55', Flight:Bucuresti Cluj-Napoca 240 Otopeni 2025-03-18T10:01:19', Flight:Suceava Bucuresti 123 SCV 2025-03-18T10:15:48', Flight:Suceava Bucuresti 123 SCV 2025-03-18T10:16:30', Flight:Suceava Bucuresti 123 SCV 2025-03-18T10:17:42', Flight:Bucuresti Cluj-Napoca 240 Otopeni 2025-03-18T10:18:14', Flight:Bucuresti Cluj-Napoca 240 Otopeni 2025-03-18T10:22:06'])
2025-03-18 10:22:06 [Test worker] TRACE org.example.repository.TicketDBRepository - Enter Finding all tickets
2025-03-18 10:22:06 [Test worker] TRACE org.example.repository.FlightDBRepository - Enter Finding flight by id 7
2025-03-18 10:22:06 [Test worker] TRACE org.example.repository.FlightDBRepository - Exit with(Flight:Bucuresti Cluj-Napoca 240 Otopeni 2025-03-17T18:13:28')
2025-03-18 10:22:06 [Test worker] TRACE org.example.repository.FlightDBRepository - Enter Finding flight by id 7
2025-03-18 10:22:06 [Test worker] TRACE org.example.repository.FlightDBRepository - Exit with(Flight:Bucuresti Cluj-Napoca 240 Otopeni 2025-03-17T18:13:28')
2025-03-18 10:22:06 [Test worker] TRACE org.example.repository.FlightDBRepository - Enter Finding flight by id 7
2025-03-18 10:22:06 [Test worker] TRACE org.example.repository.FlightDBRepository - Exit with(Flight:Bucuresti Cluj-Napoca 240 Otopeni 2025-03-17T18:13:28')
2025-03-18 10:22:06 [Test worker] TRACE org.example.repository.FlightDBRepository - Enter Finding flight by id 7
2025-03-18 10:22:06 [Test worker] TRACE org.example.repository.FlightDBRepository - Exit with(Flight:Bucuresti Cluj-Napoca 240 Otopeni 2025-03-17T18:13:28')
2025-03-18 10:22:06 [Test worker] TRACE org.example.repository.FlightDBRepository - Enter Finding flight by id 7
2025-03-18 10:22:06 [Test worker] TRACE org.example.repository.FlightDBRepository - Exit with(Flight:Bucuresti Cluj-Napoca 240 Otopeni 2025-03-17T18:13:28')
2025-03-18 10:22:06 [Test worker] TRACE org.example.repository.FlightDBRepository - Enter Finding flight by id 7
2025-03-18 10:22:06 [Test worker] TRACE org.example.repository.FlightDBRepository - Exit with(Flight:Bucuresti Cluj-Napoca 240 Otopeni 2025-03-17T18:13:28')
2025-03-18 10:22:06 [Test worker] TRACE org.example.repository.TicketDBRepository - Exit with(Find successful)
2025-03-18 10:22:06 [Test worker] TRACE org.example.repository.EmployeeDBRepository - Enter Adding employee Employee{user='aaa3333', password='psss', firstName='aa', lastName='aaa'}
2025-03-18 10:22:06 [Test worker] TRACE org.example.repository.EmployeeDBRepository - Exit with(Employee{user='aaa3333', password='psss', firstName='aa', lastName='aaa'})
2025-03-18 10:22:06 [Test worker] TRACE org.example.repository.EmployeeDBRepository - Enter Finding all employees
2025-03-18 10:22:06 [Test worker] TRACE org.example.repository.EmployeeDBRepository - Exit with([Employee{user='vladE', password='parola', firstName='Vlad', lastName='Enea'}, Employee{user='antonia8', password='parola', firstName='Antonia', lastName='Moga'}, Employee{user='dana7', password='parola', firstName='Dana', lastName='Rusu'}, Employee{user='aaa', password='psss', firstName='aa', lastName='aaa'}, Employee{user='aaa3333', password='psss', firstName='aa', lastName='aaa'}])
